ARM GAS  C:\Users\black\AppData\Local\Temp\ccfk37Iz.s 			page 1


   1              		.syntax unified
   2              		.cpu cortex-m0
   3              		.fpu softvfp
   4              		.eabi_attribute 20, 1
   5              		.eabi_attribute 21, 1
   6              		.eabi_attribute 23, 3
   7              		.eabi_attribute 24, 1
   8              		.eabi_attribute 25, 1
   9              		.eabi_attribute 26, 1
  10              		.eabi_attribute 30, 6
  11              		.eabi_attribute 34, 0
  12              		.eabi_attribute 18, 4
  13              		.thumb
  14              		.syntax unified
  15              		.file	"cyfitter_cfg.c"
  16              		.text
  17              	.Ltext0:
  18              		.cfi_sections	.debug_frame
  19              		.section	.text.CYMEMZERO,"ax",%progbits
  20              		.align	2
  21              		.code	16
  22              		.thumb_func
  23              		.type	CYMEMZERO, %function
  24              	CYMEMZERO:
  25              	.LFB2:
  26              		.file 1 "Generated_Source\\PSoC4\\cyfitter_cfg.c"
   1:Generated_Source\PSoC4/cyfitter_cfg.c **** 
   2:Generated_Source\PSoC4/cyfitter_cfg.c **** /*******************************************************************************
   3:Generated_Source\PSoC4/cyfitter_cfg.c **** * File Name: cyfitter_cfg.c
   4:Generated_Source\PSoC4/cyfitter_cfg.c **** * 
   5:Generated_Source\PSoC4/cyfitter_cfg.c **** * PSoC Creator  4.1 Update 1
   6:Generated_Source\PSoC4/cyfitter_cfg.c **** *
   7:Generated_Source\PSoC4/cyfitter_cfg.c **** * Description:
   8:Generated_Source\PSoC4/cyfitter_cfg.c **** * This file contains device initialization code.
   9:Generated_Source\PSoC4/cyfitter_cfg.c **** * Except for the user defined sections in CyClockStartupError(), this file should not be modified.
  10:Generated_Source\PSoC4/cyfitter_cfg.c **** * This file is automatically generated by PSoC Creator.
  11:Generated_Source\PSoC4/cyfitter_cfg.c **** *
  12:Generated_Source\PSoC4/cyfitter_cfg.c **** ********************************************************************************
  13:Generated_Source\PSoC4/cyfitter_cfg.c **** * Copyright (c) 2007-2017 Cypress Semiconductor.  All rights reserved.
  14:Generated_Source\PSoC4/cyfitter_cfg.c **** * You may use this file only in accordance with the license, terms, conditions, 
  15:Generated_Source\PSoC4/cyfitter_cfg.c **** * disclaimers, and limitations in the end user license agreement accompanying 
  16:Generated_Source\PSoC4/cyfitter_cfg.c **** * the software package with which this file was provided.
  17:Generated_Source\PSoC4/cyfitter_cfg.c **** ********************************************************************************/
  18:Generated_Source\PSoC4/cyfitter_cfg.c **** 
  19:Generated_Source\PSoC4/cyfitter_cfg.c **** #include <string.h>
  20:Generated_Source\PSoC4/cyfitter_cfg.c **** #include "cytypes.h"
  21:Generated_Source\PSoC4/cyfitter_cfg.c **** #include "cydevice_trm.h"
  22:Generated_Source\PSoC4/cyfitter_cfg.c **** #include "cyfitter.h"
  23:Generated_Source\PSoC4/cyfitter_cfg.c **** #include "CyLib.h"
  24:Generated_Source\PSoC4/cyfitter_cfg.c **** #include "cyfitter_cfg.h"
  25:Generated_Source\PSoC4/cyfitter_cfg.c **** #include "cyapicallbacks.h"
  26:Generated_Source\PSoC4/cyfitter_cfg.c **** 
  27:Generated_Source\PSoC4/cyfitter_cfg.c **** 
  28:Generated_Source\PSoC4/cyfitter_cfg.c **** #if defined(__GNUC__) || defined(__ARMCC_VERSION)
  29:Generated_Source\PSoC4/cyfitter_cfg.c ****     #define CYPACKED 
  30:Generated_Source\PSoC4/cyfitter_cfg.c ****     #define CYPACKED_ATTR __attribute__ ((packed))
  31:Generated_Source\PSoC4/cyfitter_cfg.c ****     #define CYALIGNED __attribute__ ((aligned))
ARM GAS  C:\Users\black\AppData\Local\Temp\ccfk37Iz.s 			page 2


  32:Generated_Source\PSoC4/cyfitter_cfg.c ****     #define CY_CFG_UNUSED __attribute__ ((unused))
  33:Generated_Source\PSoC4/cyfitter_cfg.c ****     #ifndef CY_CFG_SECTION
  34:Generated_Source\PSoC4/cyfitter_cfg.c ****         #define CY_CFG_SECTION __attribute__ ((section(".psocinit")))
  35:Generated_Source\PSoC4/cyfitter_cfg.c ****     #endif
  36:Generated_Source\PSoC4/cyfitter_cfg.c ****     
  37:Generated_Source\PSoC4/cyfitter_cfg.c ****     #if defined(__ARMCC_VERSION)
  38:Generated_Source\PSoC4/cyfitter_cfg.c ****         #define CY_CFG_MEMORY_BARRIER() __memory_changed()
  39:Generated_Source\PSoC4/cyfitter_cfg.c ****     #else
  40:Generated_Source\PSoC4/cyfitter_cfg.c ****         #define CY_CFG_MEMORY_BARRIER() __sync_synchronize()
  41:Generated_Source\PSoC4/cyfitter_cfg.c ****     #endif
  42:Generated_Source\PSoC4/cyfitter_cfg.c ****     
  43:Generated_Source\PSoC4/cyfitter_cfg.c **** #elif defined(__ICCARM__)
  44:Generated_Source\PSoC4/cyfitter_cfg.c ****     #include <intrinsics.h>
  45:Generated_Source\PSoC4/cyfitter_cfg.c **** 
  46:Generated_Source\PSoC4/cyfitter_cfg.c ****     #define CYPACKED __packed
  47:Generated_Source\PSoC4/cyfitter_cfg.c ****     #define CYPACKED_ATTR 
  48:Generated_Source\PSoC4/cyfitter_cfg.c ****     #define CYALIGNED _Pragma("data_alignment=4")
  49:Generated_Source\PSoC4/cyfitter_cfg.c ****     #define CY_CFG_UNUSED _Pragma("diag_suppress=Pe177")
  50:Generated_Source\PSoC4/cyfitter_cfg.c ****     #define CY_CFG_SECTION _Pragma("location=\".psocinit\"")
  51:Generated_Source\PSoC4/cyfitter_cfg.c ****     
  52:Generated_Source\PSoC4/cyfitter_cfg.c ****     #define CY_CFG_MEMORY_BARRIER() __DMB()
  53:Generated_Source\PSoC4/cyfitter_cfg.c ****     
  54:Generated_Source\PSoC4/cyfitter_cfg.c **** #else
  55:Generated_Source\PSoC4/cyfitter_cfg.c ****     #error Unsupported toolchain
  56:Generated_Source\PSoC4/cyfitter_cfg.c **** #endif
  57:Generated_Source\PSoC4/cyfitter_cfg.c **** 
  58:Generated_Source\PSoC4/cyfitter_cfg.c **** #ifndef CYCODE
  59:Generated_Source\PSoC4/cyfitter_cfg.c ****     #define CYCODE
  60:Generated_Source\PSoC4/cyfitter_cfg.c **** #endif
  61:Generated_Source\PSoC4/cyfitter_cfg.c **** #ifndef CYDATA
  62:Generated_Source\PSoC4/cyfitter_cfg.c ****     #define CYDATA
  63:Generated_Source\PSoC4/cyfitter_cfg.c **** #endif
  64:Generated_Source\PSoC4/cyfitter_cfg.c **** #ifndef CYFAR
  65:Generated_Source\PSoC4/cyfitter_cfg.c ****     #define CYFAR
  66:Generated_Source\PSoC4/cyfitter_cfg.c **** #endif
  67:Generated_Source\PSoC4/cyfitter_cfg.c **** #ifndef CYXDATA
  68:Generated_Source\PSoC4/cyfitter_cfg.c ****     #define CYXDATA
  69:Generated_Source\PSoC4/cyfitter_cfg.c **** #endif
  70:Generated_Source\PSoC4/cyfitter_cfg.c **** 
  71:Generated_Source\PSoC4/cyfitter_cfg.c **** 
  72:Generated_Source\PSoC4/cyfitter_cfg.c **** CY_CFG_UNUSED
  73:Generated_Source\PSoC4/cyfitter_cfg.c **** static void CYMEMZERO(void *s, size_t n);
  74:Generated_Source\PSoC4/cyfitter_cfg.c **** CY_CFG_UNUSED
  75:Generated_Source\PSoC4/cyfitter_cfg.c **** static void CYMEMZERO(void *s, size_t n)
  76:Generated_Source\PSoC4/cyfitter_cfg.c **** {
  27              		.loc 1 76 0
  28              		.cfi_startproc
  29              		@ args = 0, pretend = 0, frame = 8
  30              		@ frame_needed = 1, uses_anonymous_args = 0
  31 0000 80B5     		push	{r7, lr}
  32              		.cfi_def_cfa_offset 8
  33              		.cfi_offset 7, -8
  34              		.cfi_offset 14, -4
  35 0002 82B0     		sub	sp, sp, #8
  36              		.cfi_def_cfa_offset 16
  37 0004 00AF     		add	r7, sp, #0
  38              		.cfi_def_cfa_register 7
ARM GAS  C:\Users\black\AppData\Local\Temp\ccfk37Iz.s 			page 3


  39 0006 7860     		str	r0, [r7, #4]
  40 0008 3960     		str	r1, [r7]
  77:Generated_Source\PSoC4/cyfitter_cfg.c **** 	(void)memset(s, 0, n);
  41              		.loc 1 77 0
  42 000a 3A68     		ldr	r2, [r7]
  43 000c 7B68     		ldr	r3, [r7, #4]
  44 000e 0021     		movs	r1, #0
  45 0010 1800     		movs	r0, r3
  46 0012 FFF7FEFF 		bl	memset
  78:Generated_Source\PSoC4/cyfitter_cfg.c **** }
  47              		.loc 1 78 0
  48 0016 C046     		nop
  49 0018 BD46     		mov	sp, r7
  50 001a 02B0     		add	sp, sp, #8
  51              		@ sp needed
  52 001c 80BD     		pop	{r7, pc}
  53              		.cfi_endproc
  54              	.LFE2:
  55              		.size	CYMEMZERO, .-CYMEMZERO
  56 001e C046     		.section	.text.CYCONFIGCPY,"ax",%progbits
  57              		.align	2
  58              		.code	16
  59              		.thumb_func
  60              		.type	CYCONFIGCPY, %function
  61              	CYCONFIGCPY:
  62              	.LFB3:
  79:Generated_Source\PSoC4/cyfitter_cfg.c **** CY_CFG_UNUSED
  80:Generated_Source\PSoC4/cyfitter_cfg.c **** static void CYCONFIGCPY(void *dest, const void *src, size_t n);
  81:Generated_Source\PSoC4/cyfitter_cfg.c **** CY_CFG_UNUSED
  82:Generated_Source\PSoC4/cyfitter_cfg.c **** static void CYCONFIGCPY(void *dest, const void *src, size_t n)
  83:Generated_Source\PSoC4/cyfitter_cfg.c **** {
  63              		.loc 1 83 0
  64              		.cfi_startproc
  65              		@ args = 0, pretend = 0, frame = 16
  66              		@ frame_needed = 1, uses_anonymous_args = 0
  67 0000 80B5     		push	{r7, lr}
  68              		.cfi_def_cfa_offset 8
  69              		.cfi_offset 7, -8
  70              		.cfi_offset 14, -4
  71 0002 84B0     		sub	sp, sp, #16
  72              		.cfi_def_cfa_offset 24
  73 0004 00AF     		add	r7, sp, #0
  74              		.cfi_def_cfa_register 7
  75 0006 F860     		str	r0, [r7, #12]
  76 0008 B960     		str	r1, [r7, #8]
  77 000a 7A60     		str	r2, [r7, #4]
  84:Generated_Source\PSoC4/cyfitter_cfg.c **** 	(void)memcpy(dest, src, n);
  78              		.loc 1 84 0
  79 000c 7A68     		ldr	r2, [r7, #4]
  80 000e B968     		ldr	r1, [r7, #8]
  81 0010 FB68     		ldr	r3, [r7, #12]
  82 0012 1800     		movs	r0, r3
  83 0014 FFF7FEFF 		bl	memcpy
  85:Generated_Source\PSoC4/cyfitter_cfg.c **** }
  84              		.loc 1 85 0
  85 0018 C046     		nop
  86 001a BD46     		mov	sp, r7
ARM GAS  C:\Users\black\AppData\Local\Temp\ccfk37Iz.s 			page 4


  87 001c 04B0     		add	sp, sp, #16
  88              		@ sp needed
  89 001e 80BD     		pop	{r7, pc}
  90              		.cfi_endproc
  91              	.LFE3:
  92              		.size	CYCONFIGCPY, .-CYCONFIGCPY
  93              		.section	.text.CYCONFIGCPYCODE,"ax",%progbits
  94              		.align	2
  95              		.code	16
  96              		.thumb_func
  97              		.type	CYCONFIGCPYCODE, %function
  98              	CYCONFIGCPYCODE:
  99              	.LFB4:
  86:Generated_Source\PSoC4/cyfitter_cfg.c **** CY_CFG_UNUSED
  87:Generated_Source\PSoC4/cyfitter_cfg.c **** static void CYCONFIGCPYCODE(void *dest, const void *src, size_t n);
  88:Generated_Source\PSoC4/cyfitter_cfg.c **** CY_CFG_UNUSED
  89:Generated_Source\PSoC4/cyfitter_cfg.c **** static void CYCONFIGCPYCODE(void *dest, const void *src, size_t n)
  90:Generated_Source\PSoC4/cyfitter_cfg.c **** {
 100              		.loc 1 90 0
 101              		.cfi_startproc
 102              		@ args = 0, pretend = 0, frame = 16
 103              		@ frame_needed = 1, uses_anonymous_args = 0
 104 0000 80B5     		push	{r7, lr}
 105              		.cfi_def_cfa_offset 8
 106              		.cfi_offset 7, -8
 107              		.cfi_offset 14, -4
 108 0002 84B0     		sub	sp, sp, #16
 109              		.cfi_def_cfa_offset 24
 110 0004 00AF     		add	r7, sp, #0
 111              		.cfi_def_cfa_register 7
 112 0006 F860     		str	r0, [r7, #12]
 113 0008 B960     		str	r1, [r7, #8]
 114 000a 7A60     		str	r2, [r7, #4]
  91:Generated_Source\PSoC4/cyfitter_cfg.c **** 	(void)memcpy(dest, src, n);
 115              		.loc 1 91 0
 116 000c 7A68     		ldr	r2, [r7, #4]
 117 000e B968     		ldr	r1, [r7, #8]
 118 0010 FB68     		ldr	r3, [r7, #12]
 119 0012 1800     		movs	r0, r3
 120 0014 FFF7FEFF 		bl	memcpy
  92:Generated_Source\PSoC4/cyfitter_cfg.c **** }
 121              		.loc 1 92 0
 122 0018 C046     		nop
 123 001a BD46     		mov	sp, r7
 124 001c 04B0     		add	sp, sp, #16
 125              		@ sp needed
 126 001e 80BD     		pop	{r7, pc}
 127              		.cfi_endproc
 128              	.LFE4:
 129              		.size	CYCONFIGCPYCODE, .-CYCONFIGCPYCODE
 130              		.section	.psocinit,"ax",%progbits
 131              		.align	2
 132              		.code	16
 133              		.thumb_func
 134              		.type	ClockSetup, %function
 135              	ClockSetup:
 136              	.LFB5:
ARM GAS  C:\Users\black\AppData\Local\Temp\ccfk37Iz.s 			page 5


  93:Generated_Source\PSoC4/cyfitter_cfg.c **** 
  94:Generated_Source\PSoC4/cyfitter_cfg.c **** 
  95:Generated_Source\PSoC4/cyfitter_cfg.c **** 
  96:Generated_Source\PSoC4/cyfitter_cfg.c **** 
  97:Generated_Source\PSoC4/cyfitter_cfg.c **** /* Clock startup error codes                                                   */
  98:Generated_Source\PSoC4/cyfitter_cfg.c **** #define CYCLOCKSTART_NO_ERROR    0u
  99:Generated_Source\PSoC4/cyfitter_cfg.c **** #define CYCLOCKSTART_XTAL_ERROR  1u
 100:Generated_Source\PSoC4/cyfitter_cfg.c **** #define CYCLOCKSTART_32KHZ_ERROR 2u
 101:Generated_Source\PSoC4/cyfitter_cfg.c **** #define CYCLOCKSTART_PLL_ERROR   3u
 102:Generated_Source\PSoC4/cyfitter_cfg.c **** #define CYCLOCKSTART_FLL_ERROR   4u
 103:Generated_Source\PSoC4/cyfitter_cfg.c **** 
 104:Generated_Source\PSoC4/cyfitter_cfg.c **** 
 105:Generated_Source\PSoC4/cyfitter_cfg.c **** #ifdef CY_NEED_CYCLOCKSTARTUPERROR
 106:Generated_Source\PSoC4/cyfitter_cfg.c **** /*******************************************************************************
 107:Generated_Source\PSoC4/cyfitter_cfg.c **** * Function Name: CyClockStartupError
 108:Generated_Source\PSoC4/cyfitter_cfg.c **** ********************************************************************************
 109:Generated_Source\PSoC4/cyfitter_cfg.c **** * Summary:
 110:Generated_Source\PSoC4/cyfitter_cfg.c **** *  If an error is encountered during clock configuration (crystal startup error,
 111:Generated_Source\PSoC4/cyfitter_cfg.c **** *  PLL lock error, etc.), the system will end up here.  Unless reimplemented by
 112:Generated_Source\PSoC4/cyfitter_cfg.c **** *  the customer, this function will stop in an infinite loop.
 113:Generated_Source\PSoC4/cyfitter_cfg.c **** *
 114:Generated_Source\PSoC4/cyfitter_cfg.c **** * Parameters:
 115:Generated_Source\PSoC4/cyfitter_cfg.c **** *   void
 116:Generated_Source\PSoC4/cyfitter_cfg.c **** *
 117:Generated_Source\PSoC4/cyfitter_cfg.c **** * Return:
 118:Generated_Source\PSoC4/cyfitter_cfg.c **** *   void
 119:Generated_Source\PSoC4/cyfitter_cfg.c **** *
 120:Generated_Source\PSoC4/cyfitter_cfg.c **** *******************************************************************************/
 121:Generated_Source\PSoC4/cyfitter_cfg.c **** CY_CFG_UNUSED
 122:Generated_Source\PSoC4/cyfitter_cfg.c **** static void CyClockStartupError(uint8 errorCode);
 123:Generated_Source\PSoC4/cyfitter_cfg.c **** CY_CFG_UNUSED
 124:Generated_Source\PSoC4/cyfitter_cfg.c **** static void CyClockStartupError(uint8 errorCode)
 125:Generated_Source\PSoC4/cyfitter_cfg.c **** {
 126:Generated_Source\PSoC4/cyfitter_cfg.c ****     /* To remove the compiler warning if errorCode not used. */
 127:Generated_Source\PSoC4/cyfitter_cfg.c **** #if defined(CY_PSOC3) && (CY_PSOC3)
 128:Generated_Source\PSoC4/cyfitter_cfg.c ****     errorCode = errorCode;
 129:Generated_Source\PSoC4/cyfitter_cfg.c **** #else
 130:Generated_Source\PSoC4/cyfitter_cfg.c ****     (void)errorCode;
 131:Generated_Source\PSoC4/cyfitter_cfg.c **** #endif /* CY_PSOC3 */
 132:Generated_Source\PSoC4/cyfitter_cfg.c **** 
 133:Generated_Source\PSoC4/cyfitter_cfg.c ****     /* If we have a clock startup error (bad MHz crystal, PLL lock, etc.),  */
 134:Generated_Source\PSoC4/cyfitter_cfg.c ****     /* we will end up here to allow the customer to implement something to  */
 135:Generated_Source\PSoC4/cyfitter_cfg.c ****     /* deal with the clock condition.                                       */
 136:Generated_Source\PSoC4/cyfitter_cfg.c **** 
 137:Generated_Source\PSoC4/cyfitter_cfg.c **** #ifdef CY_CFG_CLOCK_STARTUP_ERROR_CALLBACK
 138:Generated_Source\PSoC4/cyfitter_cfg.c ****     CY_CFG_Clock_Startup_ErrorCallback();
 139:Generated_Source\PSoC4/cyfitter_cfg.c **** #else
 140:Generated_Source\PSoC4/cyfitter_cfg.c ****     /*  If not using CY_CFG_CLOCK_STARTUP_ERROR_CALLBACK, place your clock startup code here. */
 141:Generated_Source\PSoC4/cyfitter_cfg.c ****     /* `#START CyClockStartupError` */
 142:Generated_Source\PSoC4/cyfitter_cfg.c **** 
 143:Generated_Source\PSoC4/cyfitter_cfg.c **** 
 144:Generated_Source\PSoC4/cyfitter_cfg.c **** 
 145:Generated_Source\PSoC4/cyfitter_cfg.c ****     /* `#END` */
 146:Generated_Source\PSoC4/cyfitter_cfg.c **** 
 147:Generated_Source\PSoC4/cyfitter_cfg.c ****     while(1) {}
 148:Generated_Source\PSoC4/cyfitter_cfg.c **** #endif /* CY_CFG_CLOCK_STARTUP_ERROR_CALLBACK */
 149:Generated_Source\PSoC4/cyfitter_cfg.c **** }
ARM GAS  C:\Users\black\AppData\Local\Temp\ccfk37Iz.s 			page 6


 150:Generated_Source\PSoC4/cyfitter_cfg.c **** #endif
 151:Generated_Source\PSoC4/cyfitter_cfg.c **** 
 152:Generated_Source\PSoC4/cyfitter_cfg.c **** 
 153:Generated_Source\PSoC4/cyfitter_cfg.c **** 
 154:Generated_Source\PSoC4/cyfitter_cfg.c **** /*******************************************************************************
 155:Generated_Source\PSoC4/cyfitter_cfg.c **** * Function Name: ClockSetup
 156:Generated_Source\PSoC4/cyfitter_cfg.c **** ********************************************************************************
 157:Generated_Source\PSoC4/cyfitter_cfg.c **** *
 158:Generated_Source\PSoC4/cyfitter_cfg.c **** * Summary:
 159:Generated_Source\PSoC4/cyfitter_cfg.c **** *   Performs the initialization of all of the clocks in the device based on the
 160:Generated_Source\PSoC4/cyfitter_cfg.c **** *   settings in the Clock tab of the DWR.  This includes enabling the requested
 161:Generated_Source\PSoC4/cyfitter_cfg.c **** *   clocks and setting the necessary dividers to produce the desired frequency. 
 162:Generated_Source\PSoC4/cyfitter_cfg.c **** *
 163:Generated_Source\PSoC4/cyfitter_cfg.c **** * Parameters:
 164:Generated_Source\PSoC4/cyfitter_cfg.c **** *   void
 165:Generated_Source\PSoC4/cyfitter_cfg.c **** *
 166:Generated_Source\PSoC4/cyfitter_cfg.c **** * Return:
 167:Generated_Source\PSoC4/cyfitter_cfg.c **** *   void
 168:Generated_Source\PSoC4/cyfitter_cfg.c **** *
 169:Generated_Source\PSoC4/cyfitter_cfg.c **** *******************************************************************************/
 170:Generated_Source\PSoC4/cyfitter_cfg.c **** static void ClockSetup(void);
 171:Generated_Source\PSoC4/cyfitter_cfg.c **** CY_CFG_SECTION
 172:Generated_Source\PSoC4/cyfitter_cfg.c **** static void ClockSetup(void)
 173:Generated_Source\PSoC4/cyfitter_cfg.c **** {
 137              		.loc 1 173 0
 138              		.cfi_startproc
 139              		@ args = 0, pretend = 0, frame = 0
 140              		@ frame_needed = 1, uses_anonymous_args = 0
 141 0000 80B5     		push	{r7, lr}
 142              		.cfi_def_cfa_offset 8
 143              		.cfi_offset 7, -8
 144              		.cfi_offset 14, -4
 145 0002 00AF     		add	r7, sp, #0
 146              		.cfi_def_cfa_register 7
 174:Generated_Source\PSoC4/cyfitter_cfg.c **** 
 175:Generated_Source\PSoC4/cyfitter_cfg.c **** 	/* Set Flash Cycles based on max possible frequency in case a glitch occurs during ClockSetup(). *
 176:Generated_Source\PSoC4/cyfitter_cfg.c **** 	CY_SET_REG32((void CYXDATA *)(CYREG_CPUSS_FLASH_CTL), (0x0012u));
 147              		.loc 1 176 0
 148 0004 294B     		ldr	r3, .L5
 149 0006 1222     		movs	r2, #18
 150 0008 1A60     		str	r2, [r3]
 177:Generated_Source\PSoC4/cyfitter_cfg.c **** 
 178:Generated_Source\PSoC4/cyfitter_cfg.c **** 	/* Start the WCO */
 179:Generated_Source\PSoC4/cyfitter_cfg.c **** 	CySysClkWcoStart();
 151              		.loc 1 179 0
 152 000a FFF7FEFF 		bl	CySysClkWcoStart
 180:Generated_Source\PSoC4/cyfitter_cfg.c **** 	CyDelayCycles(12000000u); /* WCO may take up to 500ms to start */
 153              		.loc 1 180 0
 154 000e 284B     		ldr	r3, .L5+4
 155 0010 1800     		movs	r0, r3
 156 0012 FFF7FEFF 		bl	CyDelayCycles
 181:Generated_Source\PSoC4/cyfitter_cfg.c **** 	(void)CySysClkWcoSetPowerMode(CY_SYS_CLK_WCO_LPM);    /* Switch to the low power mode */
 157              		.loc 1 181 0
 158 0016 0120     		movs	r0, #1
 159 0018 FFF7FEFF 		bl	CySysClkWcoSetPowerMode
 182:Generated_Source\PSoC4/cyfitter_cfg.c **** 
 183:Generated_Source\PSoC4/cyfitter_cfg.c **** 	/* Setup and trim IMO based on desired frequency. */
ARM GAS  C:\Users\black\AppData\Local\Temp\ccfk37Iz.s 			page 7


 184:Generated_Source\PSoC4/cyfitter_cfg.c **** 	CySysClkWriteImoFreq(48u);
 160              		.loc 1 184 0
 161 001c 3020     		movs	r0, #48
 162 001e FFF7FEFF 		bl	CySysClkWriteImoFreq
 185:Generated_Source\PSoC4/cyfitter_cfg.c **** 	/* CYDEV_CLK_ILO_CONFIG Starting address: CYDEV_CLK_ILO_CONFIG */
 186:Generated_Source\PSoC4/cyfitter_cfg.c **** 	CY_SET_REG32((void *)(CYREG_CLK_ILO_CONFIG), 0x80000006u);
 163              		.loc 1 186 0
 164 0022 244B     		ldr	r3, .L5+8
 165 0024 244A     		ldr	r2, .L5+12
 166 0026 1A60     		str	r2, [r3]
 187:Generated_Source\PSoC4/cyfitter_cfg.c **** 
 188:Generated_Source\PSoC4/cyfitter_cfg.c **** 	/* CYDEV_WDT_CONFIG Starting address: CYDEV_WDT_CONFIG */
 189:Generated_Source\PSoC4/cyfitter_cfg.c **** 	CY_SET_REG32((void *)(CYREG_WDT_CONFIG), 0x40000000u);
 167              		.loc 1 189 0
 168 0028 244B     		ldr	r3, .L5+16
 169 002a 8022     		movs	r2, #128
 170 002c D205     		lsls	r2, r2, #23
 171 002e 1A60     		str	r2, [r3]
 190:Generated_Source\PSoC4/cyfitter_cfg.c **** 
 191:Generated_Source\PSoC4/cyfitter_cfg.c **** 
 192:Generated_Source\PSoC4/cyfitter_cfg.c **** 	/* Enable fast start mode for XO */
 193:Generated_Source\PSoC4/cyfitter_cfg.c **** 	CY_SET_REG32((void*)CYREG_BLE_BLERD_BB_XO, CY_GET_REG32((void*)CYREG_BLE_BLERD_BB_XO) | (uint32)0x
 172              		.loc 1 193 0
 173 0030 234B     		ldr	r3, .L5+20
 174 0032 234A     		ldr	r2, .L5+20
 175 0034 1268     		ldr	r2, [r2]
 176 0036 0221     		movs	r1, #2
 177 0038 0A43     		orrs	r2, r1
 178 003a 1A60     		str	r2, [r3]
 194:Generated_Source\PSoC4/cyfitter_cfg.c **** 	CY_SET_REG32((void *)(CYREG_BLE_BLERD_BB_XO_CAPTRIM), 0x00002D6Au);
 179              		.loc 1 194 0
 180 003c 214B     		ldr	r3, .L5+24
 181 003e 224A     		ldr	r2, .L5+28
 182 0040 1A60     		str	r2, [r3]
 195:Generated_Source\PSoC4/cyfitter_cfg.c **** 	/*Set XTAL(ECO) divider*/
 196:Generated_Source\PSoC4/cyfitter_cfg.c **** 	CY_SET_REG32((void *)(CYREG_BLE_BLESS_XTAL_CLK_DIV_CONFIG), 0x00000000u);
 183              		.loc 1 196 0
 184 0042 224B     		ldr	r3, .L5+32
 185 0044 0022     		movs	r2, #0
 186 0046 1A60     		str	r2, [r3]
 197:Generated_Source\PSoC4/cyfitter_cfg.c **** 	/* Disable Crystal Stable Interrupt before enabling ECO */
 198:Generated_Source\PSoC4/cyfitter_cfg.c **** 	CY_SET_REG32((void*)CYREG_BLE_BLESS_LL_DSM_CTRL, CY_GET_REG32((void*)CYREG_BLE_BLESS_LL_DSM_CTRL) 
 187              		.loc 1 198 0
 188 0048 214B     		ldr	r3, .L5+36
 189 004a 214A     		ldr	r2, .L5+36
 190 004c 1268     		ldr	r2, [r2]
 191 004e 0821     		movs	r1, #8
 192 0050 8A43     		bics	r2, r1
 193 0052 1A60     		str	r2, [r3]
 199:Generated_Source\PSoC4/cyfitter_cfg.c **** 	/* Start the ECO and do not check status since it is not needed for HFCLK */
 200:Generated_Source\PSoC4/cyfitter_cfg.c **** 	(void)CySysClkEcoStart(2000u);
 194              		.loc 1 200 0
 195 0054 FA23     		movs	r3, #250
 196 0056 DB00     		lsls	r3, r3, #3
 197 0058 1800     		movs	r0, r3
 198 005a FFF7FEFF 		bl	CySysClkEcoStart
 201:Generated_Source\PSoC4/cyfitter_cfg.c **** 	CyDelayUs(1500u); /* Wait to stabilize */
ARM GAS  C:\Users\black\AppData\Local\Temp\ccfk37Iz.s 			page 8


 199              		.loc 1 201 0
 200 005e 1D4B     		ldr	r3, .L5+40
 201 0060 1800     		movs	r0, r3
 202 0062 FFF7FEFF 		bl	CyDelayUs
 202:Generated_Source\PSoC4/cyfitter_cfg.c **** 
 203:Generated_Source\PSoC4/cyfitter_cfg.c **** 	/* Setup phase aligned clocks */
 204:Generated_Source\PSoC4/cyfitter_cfg.c **** 	CY_SET_REG32((void *)CYREG_PERI_DIV_16_CTL1, 0x00001D00u);
 203              		.loc 1 204 0
 204 0066 1C4B     		ldr	r3, .L5+44
 205 0068 E822     		movs	r2, #232
 206 006a 5201     		lsls	r2, r2, #5
 207 006c 1A60     		str	r2, [r3]
 205:Generated_Source\PSoC4/cyfitter_cfg.c **** 	CY_SET_REG32((void *)CYREG_PERI_DIV_CMD, 0x8000FF41u);
 208              		.loc 1 205 0
 209 006e 1B4B     		ldr	r3, .L5+48
 210 0070 1B4A     		ldr	r2, .L5+52
 211 0072 1A60     		str	r2, [r3]
 206:Generated_Source\PSoC4/cyfitter_cfg.c **** 	CY_SET_REG32((void *)CYREG_PERI_DIV_16_CTL0, 0x00001900u);
 212              		.loc 1 206 0
 213 0074 1B4B     		ldr	r3, .L5+56
 214 0076 C822     		movs	r2, #200
 215 0078 5201     		lsls	r2, r2, #5
 216 007a 1A60     		str	r2, [r3]
 207:Generated_Source\PSoC4/cyfitter_cfg.c **** 	CY_SET_REG32((void *)CYREG_PERI_DIV_CMD, 0x8000FF40u);
 217              		.loc 1 207 0
 218 007c 174B     		ldr	r3, .L5+48
 219 007e 1A4A     		ldr	r2, .L5+60
 220 0080 1A60     		str	r2, [r3]
 208:Generated_Source\PSoC4/cyfitter_cfg.c **** 
 209:Generated_Source\PSoC4/cyfitter_cfg.c **** 	/* CYDEV_CLK_IMO_CONFIG Starting address: CYDEV_CLK_IMO_CONFIG */
 210:Generated_Source\PSoC4/cyfitter_cfg.c **** 	CY_SET_REG32((void *)(CYREG_CLK_IMO_CONFIG), 0x82000000u);
 221              		.loc 1 210 0
 222 0082 1A4B     		ldr	r3, .L5+64
 223 0084 8222     		movs	r2, #130
 224 0086 1206     		lsls	r2, r2, #24
 225 0088 1A60     		str	r2, [r3]
 211:Generated_Source\PSoC4/cyfitter_cfg.c **** 
 212:Generated_Source\PSoC4/cyfitter_cfg.c **** 	/* CYDEV_CLK_SELECT Starting address: CYDEV_CLK_SELECT */
 213:Generated_Source\PSoC4/cyfitter_cfg.c **** 	CY_SET_REG32((void *)(CYREG_CLK_SELECT), 0x00080000u);
 226              		.loc 1 213 0
 227 008a 194B     		ldr	r3, .L5+68
 228 008c 8022     		movs	r2, #128
 229 008e 1203     		lsls	r2, r2, #12
 230 0090 1A60     		str	r2, [r3]
 214:Generated_Source\PSoC4/cyfitter_cfg.c **** 
 215:Generated_Source\PSoC4/cyfitter_cfg.c **** 	/* CYDEV_PERI_PCLK_CTL6 Starting address: CYDEV_PERI_PCLK_CTL6 */
 216:Generated_Source\PSoC4/cyfitter_cfg.c **** 	CY_SET_REG32((void *)(CYREG_PERI_PCLK_CTL6), 0x00000041u);
 231              		.loc 1 216 0
 232 0092 184B     		ldr	r3, .L5+72
 233 0094 4122     		movs	r2, #65
 234 0096 1A60     		str	r2, [r3]
 217:Generated_Source\PSoC4/cyfitter_cfg.c **** 
 218:Generated_Source\PSoC4/cyfitter_cfg.c **** 	/* CYDEV_PERI_PCLK_CTL1 Starting address: CYDEV_PERI_PCLK_CTL1 */
 219:Generated_Source\PSoC4/cyfitter_cfg.c **** 	CY_SET_REG32((void *)(CYREG_PERI_PCLK_CTL1), 0x00000040u);
 235              		.loc 1 219 0
 236 0098 174B     		ldr	r3, .L5+76
 237 009a 4022     		movs	r2, #64
ARM GAS  C:\Users\black\AppData\Local\Temp\ccfk37Iz.s 			page 9


 238 009c 1A60     		str	r2, [r3]
 220:Generated_Source\PSoC4/cyfitter_cfg.c **** 
 221:Generated_Source\PSoC4/cyfitter_cfg.c **** 	CY_SET_REG32((void *)(CYREG_WDT_CONFIG), 0x40000000u);
 239              		.loc 1 221 0
 240 009e 074B     		ldr	r3, .L5+16
 241 00a0 8022     		movs	r2, #128
 242 00a2 D205     		lsls	r2, r2, #23
 243 00a4 1A60     		str	r2, [r3]
 222:Generated_Source\PSoC4/cyfitter_cfg.c **** }
 244              		.loc 1 222 0
 245 00a6 C046     		nop
 246 00a8 BD46     		mov	sp, r7
 247              		@ sp needed
 248 00aa 80BD     		pop	{r7, pc}
 249              	.L6:
 250              		.align	2
 251              	.L5:
 252 00ac 30001040 		.word	1074790448
 253 00b0 001BB700 		.word	12000000
 254 00b4 04010B40 		.word	1074462980
 255 00b8 06000080 		.word	-2147483642
 256 00bc 0C020B40 		.word	1074463244
 257 00c0 78002E40 		.word	1076756600
 258 00c4 7C002E40 		.word	1076756604
 259 00c8 6A2D0000 		.word	11626
 260 00cc 64F02E40 		.word	1076818020
 261 00d0 6CF02E40 		.word	1076818028
 262 00d4 DC050000 		.word	1500
 263 00d8 04030140 		.word	1073808132
 264 00dc 00000140 		.word	1073807360
 265 00e0 41FF0080 		.word	-2147418303
 266 00e4 00030140 		.word	1073808128
 267 00e8 40FF0080 		.word	-2147418304
 268 00ec 08010B40 		.word	1074462984
 269 00f0 00010B40 		.word	1074462976
 270 00f4 18010140 		.word	1073807640
 271 00f8 04010140 		.word	1073807620
 272              		.cfi_endproc
 273              	.LFE5:
 274              		.size	ClockSetup, .-ClockSetup
 275              		.section	.text.AnalogSetDefault,"ax",%progbits
 276              		.align	2
 277              		.code	16
 278              		.thumb_func
 279              		.type	AnalogSetDefault, %function
 280              	AnalogSetDefault:
 281              	.LFB6:
 223:Generated_Source\PSoC4/cyfitter_cfg.c **** 
 224:Generated_Source\PSoC4/cyfitter_cfg.c **** 
 225:Generated_Source\PSoC4/cyfitter_cfg.c **** /* Analog API Functions */
 226:Generated_Source\PSoC4/cyfitter_cfg.c **** 
 227:Generated_Source\PSoC4/cyfitter_cfg.c **** 
 228:Generated_Source\PSoC4/cyfitter_cfg.c **** /*******************************************************************************
 229:Generated_Source\PSoC4/cyfitter_cfg.c **** * Function Name: AnalogSetDefault
 230:Generated_Source\PSoC4/cyfitter_cfg.c **** ********************************************************************************
 231:Generated_Source\PSoC4/cyfitter_cfg.c **** *
 232:Generated_Source\PSoC4/cyfitter_cfg.c **** * Summary:
ARM GAS  C:\Users\black\AppData\Local\Temp\ccfk37Iz.s 			page 10


 233:Generated_Source\PSoC4/cyfitter_cfg.c **** *  Sets up the analog portions of the chip to default values based on chip
 234:Generated_Source\PSoC4/cyfitter_cfg.c **** *  configuration options from the project.
 235:Generated_Source\PSoC4/cyfitter_cfg.c **** *
 236:Generated_Source\PSoC4/cyfitter_cfg.c **** * Parameters:
 237:Generated_Source\PSoC4/cyfitter_cfg.c **** *  void
 238:Generated_Source\PSoC4/cyfitter_cfg.c **** *
 239:Generated_Source\PSoC4/cyfitter_cfg.c **** * Return:
 240:Generated_Source\PSoC4/cyfitter_cfg.c **** *  void
 241:Generated_Source\PSoC4/cyfitter_cfg.c **** *
 242:Generated_Source\PSoC4/cyfitter_cfg.c **** *******************************************************************************/
 243:Generated_Source\PSoC4/cyfitter_cfg.c **** static void AnalogSetDefault(void);
 244:Generated_Source\PSoC4/cyfitter_cfg.c **** static void AnalogSetDefault(void)
 245:Generated_Source\PSoC4/cyfitter_cfg.c **** {
 282              		.loc 1 245 0
 283              		.cfi_startproc
 284              		@ args = 0, pretend = 0, frame = 0
 285              		@ frame_needed = 1, uses_anonymous_args = 0
 286 0000 80B5     		push	{r7, lr}
 287              		.cfi_def_cfa_offset 8
 288              		.cfi_offset 7, -8
 289              		.cfi_offset 14, -4
 290 0002 00AF     		add	r7, sp, #0
 291              		.cfi_def_cfa_register 7
 246:Generated_Source\PSoC4/cyfitter_cfg.c **** 	CY_SET_XTND_REG32((void CYFAR *)CYREG_CTBM0_DFT_CTRL, 0x00000003u);
 292              		.loc 1 246 0
 293 0004 0A4B     		ldr	r3, .L8
 294 0006 0322     		movs	r2, #3
 295 0008 1A60     		str	r2, [r3]
 247:Generated_Source\PSoC4/cyfitter_cfg.c **** 	CY_SET_XTND_REG32((void CYFAR *)CYREG_CTBM1_DFT_CTRL, 0x00000003u);
 296              		.loc 1 247 0
 297 000a 0A4B     		ldr	r3, .L8+4
 298 000c 0322     		movs	r2, #3
 299 000e 1A60     		str	r2, [r3]
 248:Generated_Source\PSoC4/cyfitter_cfg.c **** 	CY_SET_XTND_REG32((void CYFAR *)CYREG_SAR_CTRL, 0x80000000u);
 300              		.loc 1 248 0
 301 0010 094B     		ldr	r3, .L8+8
 302 0012 8022     		movs	r2, #128
 303 0014 1206     		lsls	r2, r2, #24
 304 0016 1A60     		str	r2, [r3]
 249:Generated_Source\PSoC4/cyfitter_cfg.c **** 	CY_SET_XTND_REG32((void CYFAR *)CYREG_SAR_MUX_SWITCH0, 0x00000040u);
 305              		.loc 1 249 0
 306 0018 084B     		ldr	r3, .L8+12
 307 001a 4022     		movs	r2, #64
 308 001c 1A60     		str	r2, [r3]
 250:Generated_Source\PSoC4/cyfitter_cfg.c **** 	CY_SET_XTND_REG32((void CYFAR *)CYREG_PASS_DSAB_DSAB_CTRL, 0x00000000u);
 309              		.loc 1 250 0
 310 001e 084B     		ldr	r3, .L8+16
 311 0020 0022     		movs	r2, #0
 312 0022 1A60     		str	r2, [r3]
 251:Generated_Source\PSoC4/cyfitter_cfg.c **** 	SetAnalogRoutingPumps(1);
 313              		.loc 1 251 0
 314 0024 0120     		movs	r0, #1
 315 0026 FFF7FEFF 		bl	SetAnalogRoutingPumps
 252:Generated_Source\PSoC4/cyfitter_cfg.c **** }
 316              		.loc 1 252 0
 317 002a C046     		nop
 318 002c BD46     		mov	sp, r7
ARM GAS  C:\Users\black\AppData\Local\Temp\ccfk37Iz.s 			page 11


 319              		@ sp needed
 320 002e 80BD     		pop	{r7, pc}
 321              	.L9:
 322              		.align	2
 323              	.L8:
 324 0030 30003040 		.word	1076887600
 325 0034 30003140 		.word	1076953136
 326 0038 00003A40 		.word	1077542912
 327 003c 00033A40 		.word	1077543680
 328 0040 000E3F40 		.word	1077874176
 329              		.cfi_endproc
 330              	.LFE6:
 331              		.size	AnalogSetDefault, .-AnalogSetDefault
 332              		.section	.text.SetAnalogRoutingPumps,"ax",%progbits
 333              		.align	2
 334              		.global	SetAnalogRoutingPumps
 335              		.code	16
 336              		.thumb_func
 337              		.type	SetAnalogRoutingPumps, %function
 338              	SetAnalogRoutingPumps:
 339              	.LFB7:
 253:Generated_Source\PSoC4/cyfitter_cfg.c **** 
 254:Generated_Source\PSoC4/cyfitter_cfg.c **** 
 255:Generated_Source\PSoC4/cyfitter_cfg.c **** /*******************************************************************************
 256:Generated_Source\PSoC4/cyfitter_cfg.c **** * Function Name: SetAnalogRoutingPumps
 257:Generated_Source\PSoC4/cyfitter_cfg.c **** ********************************************************************************
 258:Generated_Source\PSoC4/cyfitter_cfg.c **** *
 259:Generated_Source\PSoC4/cyfitter_cfg.c **** * Summary:
 260:Generated_Source\PSoC4/cyfitter_cfg.c **** * Enables or disables the analog pumps feeding analog routing switches.
 261:Generated_Source\PSoC4/cyfitter_cfg.c **** * Intended to be called at startup, based on the Vdda system configuration;
 262:Generated_Source\PSoC4/cyfitter_cfg.c **** * may be called during operation when the user informs us that the Vdda voltage crossed the pump th
 263:Generated_Source\PSoC4/cyfitter_cfg.c **** *
 264:Generated_Source\PSoC4/cyfitter_cfg.c **** * Parameters:
 265:Generated_Source\PSoC4/cyfitter_cfg.c **** *  enabled - 1 to enable the pumps, 0 to disable the pumps
 266:Generated_Source\PSoC4/cyfitter_cfg.c **** *
 267:Generated_Source\PSoC4/cyfitter_cfg.c **** * Return:
 268:Generated_Source\PSoC4/cyfitter_cfg.c **** *  void
 269:Generated_Source\PSoC4/cyfitter_cfg.c **** *
 270:Generated_Source\PSoC4/cyfitter_cfg.c **** *******************************************************************************/
 271:Generated_Source\PSoC4/cyfitter_cfg.c **** void SetAnalogRoutingPumps(uint8 enabled)
 272:Generated_Source\PSoC4/cyfitter_cfg.c **** {
 340              		.loc 1 272 0
 341              		.cfi_startproc
 342              		@ args = 0, pretend = 0, frame = 16
 343              		@ frame_needed = 1, uses_anonymous_args = 0
 344 0000 80B5     		push	{r7, lr}
 345              		.cfi_def_cfa_offset 8
 346              		.cfi_offset 7, -8
 347              		.cfi_offset 14, -4
 348 0002 84B0     		sub	sp, sp, #16
 349              		.cfi_def_cfa_offset 24
 350 0004 00AF     		add	r7, sp, #0
 351              		.cfi_def_cfa_register 7
 352 0006 0200     		movs	r2, r0
 353 0008 FB1D     		adds	r3, r7, #7
 354 000a 1A70     		strb	r2, [r3]
 273:Generated_Source\PSoC4/cyfitter_cfg.c **** 	uint32 regValue = CY_GET_XTND_REG32((void *)(CYREG_SAR_PUMP_CTRL));
ARM GAS  C:\Users\black\AppData\Local\Temp\ccfk37Iz.s 			page 12


 355              		.loc 1 273 0
 356 000c 0B4B     		ldr	r3, .L13
 357 000e 1B68     		ldr	r3, [r3]
 358 0010 FB60     		str	r3, [r7, #12]
 274:Generated_Source\PSoC4/cyfitter_cfg.c **** 	if (enabled != 0u)
 359              		.loc 1 274 0
 360 0012 FB1D     		adds	r3, r7, #7
 361 0014 1B78     		ldrb	r3, [r3]
 362 0016 002B     		cmp	r3, #0
 363 0018 05D0     		beq	.L11
 275:Generated_Source\PSoC4/cyfitter_cfg.c **** 	{
 276:Generated_Source\PSoC4/cyfitter_cfg.c **** 		regValue |= 0x80000000u;
 364              		.loc 1 276 0
 365 001a FB68     		ldr	r3, [r7, #12]
 366 001c 8022     		movs	r2, #128
 367 001e 1206     		lsls	r2, r2, #24
 368 0020 1343     		orrs	r3, r2
 369 0022 FB60     		str	r3, [r7, #12]
 370 0024 03E0     		b	.L12
 371              	.L11:
 277:Generated_Source\PSoC4/cyfitter_cfg.c **** 	}
 278:Generated_Source\PSoC4/cyfitter_cfg.c **** 	else
 279:Generated_Source\PSoC4/cyfitter_cfg.c **** 	{
 280:Generated_Source\PSoC4/cyfitter_cfg.c **** 		regValue &= ~0x80000000u;
 372              		.loc 1 280 0
 373 0026 FB68     		ldr	r3, [r7, #12]
 374 0028 5B00     		lsls	r3, r3, #1
 375 002a 5B08     		lsrs	r3, r3, #1
 376 002c FB60     		str	r3, [r7, #12]
 377              	.L12:
 281:Generated_Source\PSoC4/cyfitter_cfg.c **** 	}
 282:Generated_Source\PSoC4/cyfitter_cfg.c **** 	CY_SET_XTND_REG32((void *)(CYREG_SAR_PUMP_CTRL), regValue);
 378              		.loc 1 282 0
 379 002e 034B     		ldr	r3, .L13
 380 0030 FA68     		ldr	r2, [r7, #12]
 381 0032 1A60     		str	r2, [r3]
 283:Generated_Source\PSoC4/cyfitter_cfg.c **** }
 382              		.loc 1 283 0
 383 0034 C046     		nop
 384 0036 BD46     		mov	sp, r7
 385 0038 04B0     		add	sp, sp, #16
 386              		@ sp needed
 387 003a 80BD     		pop	{r7, pc}
 388              	.L14:
 389              		.align	2
 390              	.L13:
 391 003c 80033A40 		.word	1077543808
 392              		.cfi_endproc
 393              	.LFE7:
 394              		.size	SetAnalogRoutingPumps, .-SetAnalogRoutingPumps
 395              		.section	.psocinit
 396              		.align	2
 397              		.global	cyfitter_cfg
 398              		.code	16
 399              		.thumb_func
 400              		.type	cyfitter_cfg, %function
 401              	cyfitter_cfg:
ARM GAS  C:\Users\black\AppData\Local\Temp\ccfk37Iz.s 			page 13


 402              	.LFB8:
 284:Generated_Source\PSoC4/cyfitter_cfg.c **** 
 285:Generated_Source\PSoC4/cyfitter_cfg.c **** 
 286:Generated_Source\PSoC4/cyfitter_cfg.c **** 
 287:Generated_Source\PSoC4/cyfitter_cfg.c **** 
 288:Generated_Source\PSoC4/cyfitter_cfg.c **** /*******************************************************************************
 289:Generated_Source\PSoC4/cyfitter_cfg.c **** * Function Name: cyfitter_cfg
 290:Generated_Source\PSoC4/cyfitter_cfg.c **** ********************************************************************************
 291:Generated_Source\PSoC4/cyfitter_cfg.c **** * Summary:
 292:Generated_Source\PSoC4/cyfitter_cfg.c **** *  This function is called by the start-up code for the selected device. It
 293:Generated_Source\PSoC4/cyfitter_cfg.c **** *  performs all of the necessary device configuration based on the design
 294:Generated_Source\PSoC4/cyfitter_cfg.c **** *  settings.  This includes settings from the Design Wide Resources (DWR) such
 295:Generated_Source\PSoC4/cyfitter_cfg.c **** *  as Clocks and Pins as well as any component configuration that is necessary.
 296:Generated_Source\PSoC4/cyfitter_cfg.c **** *
 297:Generated_Source\PSoC4/cyfitter_cfg.c **** * Parameters:
 298:Generated_Source\PSoC4/cyfitter_cfg.c **** *   void
 299:Generated_Source\PSoC4/cyfitter_cfg.c **** *
 300:Generated_Source\PSoC4/cyfitter_cfg.c **** * Return:
 301:Generated_Source\PSoC4/cyfitter_cfg.c **** *   void
 302:Generated_Source\PSoC4/cyfitter_cfg.c **** *
 303:Generated_Source\PSoC4/cyfitter_cfg.c **** *******************************************************************************/
 304:Generated_Source\PSoC4/cyfitter_cfg.c **** CY_CFG_SECTION
 305:Generated_Source\PSoC4/cyfitter_cfg.c **** void cyfitter_cfg(void)
 306:Generated_Source\PSoC4/cyfitter_cfg.c **** {
 403              		.loc 1 306 0
 404              		.cfi_startproc
 405              		@ args = 0, pretend = 0, frame = 8
 406              		@ frame_needed = 1, uses_anonymous_args = 0
 407 00fc 80B5     		push	{r7, lr}
 408              		.cfi_def_cfa_offset 8
 409              		.cfi_offset 7, -8
 410              		.cfi_offset 14, -4
 411 00fe 82B0     		sub	sp, sp, #8
 412              		.cfi_def_cfa_offset 16
 413 0100 00AF     		add	r7, sp, #0
 414              		.cfi_def_cfa_register 7
 307:Generated_Source\PSoC4/cyfitter_cfg.c **** 	/* Disable interrupts by default. Let user enable if/when they want. */
 308:Generated_Source\PSoC4/cyfitter_cfg.c **** 	CyGlobalIntDisable;
 415              		.loc 1 308 0
 416              		.syntax divided
 417              	@ 308 "Generated_Source\PSoC4\cyfitter_cfg.c" 1
 418 0102 72B6     		CPSID   i
 419              	@ 0 "" 2
 309:Generated_Source\PSoC4/cyfitter_cfg.c **** 
 310:Generated_Source\PSoC4/cyfitter_cfg.c **** 	CY_SET_REG32((void *)(CYREG_BLE_BLESS_LL_DSM_CTRL), 0x00000000u);
 420              		.loc 1 310 0
 421              		.thumb
 422              		.syntax unified
 423 0104 3B4B     		ldr	r3, .L18
 424 0106 0022     		movs	r2, #0
 425 0108 1A60     		str	r2, [r3]
 426              	.LBB2:
 311:Generated_Source\PSoC4/cyfitter_cfg.c **** 
 312:Generated_Source\PSoC4/cyfitter_cfg.c **** 	{
 313:Generated_Source\PSoC4/cyfitter_cfg.c **** 
 314:Generated_Source\PSoC4/cyfitter_cfg.c **** 		CYPACKED typedef struct {
 315:Generated_Source\PSoC4/cyfitter_cfg.c **** 			void CYFAR *address;
ARM GAS  C:\Users\black\AppData\Local\Temp\ccfk37Iz.s 			page 14


 316:Generated_Source\PSoC4/cyfitter_cfg.c **** 			uint16 size;
 317:Generated_Source\PSoC4/cyfitter_cfg.c **** 		} CYPACKED_ATTR cfg_memset_t;
 318:Generated_Source\PSoC4/cyfitter_cfg.c **** 
 319:Generated_Source\PSoC4/cyfitter_cfg.c **** 		static const cfg_memset_t CYCODE cfg_memset_list[] = {
 320:Generated_Source\PSoC4/cyfitter_cfg.c **** 			/* address, size */
 321:Generated_Source\PSoC4/cyfitter_cfg.c **** 			{(void CYFAR *)(CYDEV_UDB_P0_U0_BASE), 1024u},
 322:Generated_Source\PSoC4/cyfitter_cfg.c **** 			{(void CYFAR *)(CYDEV_UDB_DSI0_BASE), 1024u},
 323:Generated_Source\PSoC4/cyfitter_cfg.c **** 		};
 324:Generated_Source\PSoC4/cyfitter_cfg.c **** 
 325:Generated_Source\PSoC4/cyfitter_cfg.c **** 		uint8 CYDATA i;
 326:Generated_Source\PSoC4/cyfitter_cfg.c **** 
 327:Generated_Source\PSoC4/cyfitter_cfg.c **** 		/* Zero out critical memory blocks before beginning configuration */
 328:Generated_Source\PSoC4/cyfitter_cfg.c **** 		for (i = 0u; i < (sizeof(cfg_memset_list)/sizeof(cfg_memset_list[0])); i++)
 427              		.loc 1 328 0
 428 010a FB1D     		adds	r3, r7, #7
 429 010c 0022     		movs	r2, #0
 430 010e 1A70     		strb	r2, [r3]
 431 0110 22E0     		b	.L16
 432              	.L17:
 433              	.LBB3:
 329:Generated_Source\PSoC4/cyfitter_cfg.c **** 		{
 330:Generated_Source\PSoC4/cyfitter_cfg.c **** 			const cfg_memset_t CYCODE * CYDATA ms = &cfg_memset_list[i];
 434              		.loc 1 330 0 discriminator 3
 435 0112 FB1D     		adds	r3, r7, #7
 436 0114 1A78     		ldrb	r2, [r3]
 437 0116 1300     		movs	r3, r2
 438 0118 5B00     		lsls	r3, r3, #1
 439 011a 9B18     		adds	r3, r3, r2
 440 011c 5B00     		lsls	r3, r3, #1
 441 011e 364A     		ldr	r2, .L18+4
 442 0120 9B18     		adds	r3, r3, r2
 443 0122 3B60     		str	r3, [r7]
 331:Generated_Source\PSoC4/cyfitter_cfg.c **** 			CYMEMZERO(ms->address, (size_t)(uint32)(ms->size));
 444              		.loc 1 331 0 discriminator 3
 445 0124 3B68     		ldr	r3, [r7]
 446 0126 1A78     		ldrb	r2, [r3]
 447 0128 5978     		ldrb	r1, [r3, #1]
 448 012a 0902     		lsls	r1, r1, #8
 449 012c 0A43     		orrs	r2, r1
 450 012e 9978     		ldrb	r1, [r3, #2]
 451 0130 0904     		lsls	r1, r1, #16
 452 0132 0A43     		orrs	r2, r1
 453 0134 DB78     		ldrb	r3, [r3, #3]
 454 0136 1B06     		lsls	r3, r3, #24
 455 0138 1343     		orrs	r3, r2
 456 013a 1800     		movs	r0, r3
 457 013c 3B68     		ldr	r3, [r7]
 458 013e 1A79     		ldrb	r2, [r3, #4]
 459 0140 5B79     		ldrb	r3, [r3, #5]
 460 0142 1B02     		lsls	r3, r3, #8
 461 0144 1343     		orrs	r3, r2
 462 0146 9BB2     		uxth	r3, r3
 463 0148 1900     		movs	r1, r3
 464 014a FFF7FEFF 		bl	CYMEMZERO
 465              	.LBE3:
 328:Generated_Source\PSoC4/cyfitter_cfg.c **** 		{
 466              		.loc 1 328 0 discriminator 3
ARM GAS  C:\Users\black\AppData\Local\Temp\ccfk37Iz.s 			page 15


 467 014e FB1D     		adds	r3, r7, #7
 468 0150 1A78     		ldrb	r2, [r3]
 469 0152 FB1D     		adds	r3, r7, #7
 470 0154 0132     		adds	r2, r2, #1
 471 0156 1A70     		strb	r2, [r3]
 472              	.L16:
 328:Generated_Source\PSoC4/cyfitter_cfg.c **** 		{
 473              		.loc 1 328 0 is_stmt 0 discriminator 1
 474 0158 FB1D     		adds	r3, r7, #7
 475 015a 1B78     		ldrb	r3, [r3]
 476 015c 012B     		cmp	r3, #1
 477 015e D8D9     		bls	.L17
 332:Generated_Source\PSoC4/cyfitter_cfg.c **** 		}
 333:Generated_Source\PSoC4/cyfitter_cfg.c **** 
 334:Generated_Source\PSoC4/cyfitter_cfg.c **** 		/* HSIOM Starting address: CYDEV_HSIOM_BASE */
 335:Generated_Source\PSoC4/cyfitter_cfg.c **** 		CY_SET_REG32((void *)(CYDEV_HSIOM_BASE), 0xEE000000u);
 478              		.loc 1 335 0 is_stmt 1
 479 0160 264B     		ldr	r3, .L18+8
 480 0162 EE22     		movs	r2, #238
 481 0164 1206     		lsls	r2, r2, #24
 482 0166 1A60     		str	r2, [r3]
 336:Generated_Source\PSoC4/cyfitter_cfg.c **** 		CY_SET_REG32((void *)(CYREG_HSIOM_PORT_SEL1), 0x00990000u);
 483              		.loc 1 336 0
 484 0168 254B     		ldr	r3, .L18+12
 485 016a 9922     		movs	r2, #153
 486 016c 1204     		lsls	r2, r2, #16
 487 016e 1A60     		str	r2, [r3]
 337:Generated_Source\PSoC4/cyfitter_cfg.c **** 
 338:Generated_Source\PSoC4/cyfitter_cfg.c **** 		/* UDB_PA_0 Starting address: CYDEV_UDB_PA0_BASE */
 339:Generated_Source\PSoC4/cyfitter_cfg.c **** 		CY_SET_REG32((void *)(CYDEV_UDB_PA0_BASE), 0x00990000u);
 488              		.loc 1 339 0
 489 0170 244B     		ldr	r3, .L18+16
 490 0172 9922     		movs	r2, #153
 491 0174 1204     		lsls	r2, r2, #16
 492 0176 1A60     		str	r2, [r3]
 340:Generated_Source\PSoC4/cyfitter_cfg.c **** 
 341:Generated_Source\PSoC4/cyfitter_cfg.c **** 		/* UDB_PA_1 Starting address: CYDEV_UDB_PA1_BASE */
 342:Generated_Source\PSoC4/cyfitter_cfg.c **** 		CY_SET_REG32((void *)(CYDEV_UDB_PA1_BASE), 0x00990000u);
 493              		.loc 1 342 0
 494 0178 234B     		ldr	r3, .L18+20
 495 017a 9922     		movs	r2, #153
 496 017c 1204     		lsls	r2, r2, #16
 497 017e 1A60     		str	r2, [r3]
 343:Generated_Source\PSoC4/cyfitter_cfg.c **** 
 344:Generated_Source\PSoC4/cyfitter_cfg.c **** 		/* UDB_PA_2 Starting address: CYDEV_UDB_PA2_BASE */
 345:Generated_Source\PSoC4/cyfitter_cfg.c **** 		CY_SET_REG32((void *)(CYDEV_UDB_PA2_BASE), 0x00990000u);
 498              		.loc 1 345 0
 499 0180 224B     		ldr	r3, .L18+24
 500 0182 9922     		movs	r2, #153
 501 0184 1204     		lsls	r2, r2, #16
 502 0186 1A60     		str	r2, [r3]
 346:Generated_Source\PSoC4/cyfitter_cfg.c **** 
 347:Generated_Source\PSoC4/cyfitter_cfg.c **** 		/* UDB_PA_3 Starting address: CYDEV_UDB_PA3_BASE */
 348:Generated_Source\PSoC4/cyfitter_cfg.c **** 		CY_SET_REG32((void *)(CYDEV_UDB_PA3_BASE), 0x00990000u);
 503              		.loc 1 348 0
 504 0188 214B     		ldr	r3, .L18+28
 505 018a 9922     		movs	r2, #153
ARM GAS  C:\Users\black\AppData\Local\Temp\ccfk37Iz.s 			page 16


 506 018c 1204     		lsls	r2, r2, #16
 507 018e 1A60     		str	r2, [r3]
 349:Generated_Source\PSoC4/cyfitter_cfg.c **** 
 350:Generated_Source\PSoC4/cyfitter_cfg.c **** 		/* Enable digital routing */
 351:Generated_Source\PSoC4/cyfitter_cfg.c **** 		CY_SET_XTND_REG8((void *)CYREG_UDB_UDBIF_BANK_CTL, (uint8)(CY_GET_XTND_REG8((void *)CYREG_UDB_UDB
 508              		.loc 1 351 0
 509 0190 204A     		ldr	r2, .L18+32
 510 0192 204B     		ldr	r3, .L18+32
 511 0194 1B78     		ldrb	r3, [r3]
 512 0196 DBB2     		uxtb	r3, r3
 513 0198 0621     		movs	r1, #6
 514 019a 0B43     		orrs	r3, r1
 515 019c DBB2     		uxtb	r3, r3
 516 019e 1370     		strb	r3, [r2]
 517              	.LBE2:
 352:Generated_Source\PSoC4/cyfitter_cfg.c **** 	}
 353:Generated_Source\PSoC4/cyfitter_cfg.c **** 
 354:Generated_Source\PSoC4/cyfitter_cfg.c **** 	/* Perform second pass device configuration. These items must be configured in specific order afte
 355:Generated_Source\PSoC4/cyfitter_cfg.c **** 	/* IOPINS0_0 Starting address: CYDEV_GPIO_PRT0_BASE */
 356:Generated_Source\PSoC4/cyfitter_cfg.c **** 	CY_SET_REG32((void *)(CYDEV_GPIO_PRT0_BASE), 0x00000030u);
 518              		.loc 1 356 0
 519 01a0 1D4B     		ldr	r3, .L18+36
 520 01a2 3022     		movs	r2, #48
 521 01a4 1A60     		str	r2, [r3]
 357:Generated_Source\PSoC4/cyfitter_cfg.c **** 	CY_SET_REG32((void *)(CYREG_GPIO_PRT0_PC), 0x00DB2000u);
 522              		.loc 1 357 0
 523 01a6 1D4B     		ldr	r3, .L18+40
 524 01a8 1D4A     		ldr	r2, .L18+44
 525 01aa 1A60     		str	r2, [r3]
 358:Generated_Source\PSoC4/cyfitter_cfg.c **** 	CY_SET_REG32((void *)(CYREG_GPIO_PRT0_INTR_CFG), 0x00000200u);
 526              		.loc 1 358 0
 527 01ac 1D4B     		ldr	r3, .L18+48
 528 01ae 8022     		movs	r2, #128
 529 01b0 9200     		lsls	r2, r2, #2
 530 01b2 1A60     		str	r2, [r3]
 359:Generated_Source\PSoC4/cyfitter_cfg.c **** 
 360:Generated_Source\PSoC4/cyfitter_cfg.c **** 	/* IOPINS0_1 Starting address: CYDEV_GPIO_PRT1_BASE */
 361:Generated_Source\PSoC4/cyfitter_cfg.c **** 	CY_SET_REG32((void *)(CYDEV_GPIO_PRT1_BASE), 0x00000020u);
 531              		.loc 1 361 0
 532 01b4 1C4B     		ldr	r3, .L18+52
 533 01b6 2022     		movs	r2, #32
 534 01b8 1A60     		str	r2, [r3]
 362:Generated_Source\PSoC4/cyfitter_cfg.c **** 	CY_SET_REG32((void *)(CYREG_GPIO_PRT1_PC), 0x00031000u);
 535              		.loc 1 362 0
 536 01ba 1C4B     		ldr	r3, .L18+56
 537 01bc C422     		movs	r2, #196
 538 01be 9202     		lsls	r2, r2, #10
 539 01c0 1A60     		str	r2, [r3]
 363:Generated_Source\PSoC4/cyfitter_cfg.c **** 	CY_SET_REG32((void *)(CYREG_GPIO_PRT1_PC2), 0x00000020u);
 540              		.loc 1 363 0
 541 01c2 1B4B     		ldr	r3, .L18+60
 542 01c4 2022     		movs	r2, #32
 543 01c6 1A60     		str	r2, [r3]
 364:Generated_Source\PSoC4/cyfitter_cfg.c **** 
 365:Generated_Source\PSoC4/cyfitter_cfg.c **** 	/* IOPINS0_2 Starting address: CYDEV_GPIO_PRT2_BASE */
 366:Generated_Source\PSoC4/cyfitter_cfg.c **** 	CY_SET_REG32((void *)(CYDEV_GPIO_PRT2_BASE), 0x00000050u);
 544              		.loc 1 366 0
ARM GAS  C:\Users\black\AppData\Local\Temp\ccfk37Iz.s 			page 17


 545 01c8 1A4B     		ldr	r3, .L18+64
 546 01ca 5022     		movs	r2, #80
 547 01cc 1A60     		str	r2, [r3]
 367:Generated_Source\PSoC4/cyfitter_cfg.c **** 	CY_SET_REG32((void *)(CYREG_GPIO_PRT2_PC), 0x00186000u);
 548              		.loc 1 367 0
 549 01ce 1A4B     		ldr	r3, .L18+68
 550 01d0 C322     		movs	r2, #195
 551 01d2 5203     		lsls	r2, r2, #13
 552 01d4 1A60     		str	r2, [r3]
 368:Generated_Source\PSoC4/cyfitter_cfg.c **** 
 369:Generated_Source\PSoC4/cyfitter_cfg.c **** 	/* IOPINS0_3 Starting address: CYDEV_GPIO_PRT3_BASE */
 370:Generated_Source\PSoC4/cyfitter_cfg.c **** 	CY_SET_REG32((void *)(CYDEV_GPIO_PRT3_BASE), 0x00000040u);
 553              		.loc 1 370 0
 554 01d6 194B     		ldr	r3, .L18+72
 555 01d8 4022     		movs	r2, #64
 556 01da 1A60     		str	r2, [r3]
 371:Generated_Source\PSoC4/cyfitter_cfg.c **** 	CY_SET_REG32((void *)(CYREG_GPIO_PRT3_PC2), 0x00000040u);
 557              		.loc 1 371 0
 558 01dc 184B     		ldr	r3, .L18+76
 559 01de 4022     		movs	r2, #64
 560 01e0 1A60     		str	r2, [r3]
 372:Generated_Source\PSoC4/cyfitter_cfg.c **** 
 373:Generated_Source\PSoC4/cyfitter_cfg.c **** 
 374:Generated_Source\PSoC4/cyfitter_cfg.c **** 	/* Setup clocks based on selections from Clock DWR */
 375:Generated_Source\PSoC4/cyfitter_cfg.c **** 	ClockSetup();
 561              		.loc 1 375 0
 562 01e2 FFF70DFF 		bl	ClockSetup
 376:Generated_Source\PSoC4/cyfitter_cfg.c **** 
 377:Generated_Source\PSoC4/cyfitter_cfg.c **** 	/* Perform basic analog initialization to defaults */
 378:Generated_Source\PSoC4/cyfitter_cfg.c **** 	AnalogSetDefault();
 563              		.loc 1 378 0
 564 01e6 FFF7FEFF 		bl	AnalogSetDefault
 379:Generated_Source\PSoC4/cyfitter_cfg.c **** 
 380:Generated_Source\PSoC4/cyfitter_cfg.c **** }
 565              		.loc 1 380 0
 566 01ea C046     		nop
 567 01ec BD46     		mov	sp, r7
 568 01ee 02B0     		add	sp, sp, #8
 569              		@ sp needed
 570 01f0 80BD     		pop	{r7, pc}
 571              	.L19:
 572 01f2 C046     		.align	2
 573              	.L18:
 574 01f4 6CF02E40 		.word	1076818028
 575 01f8 00000000 		.word	cfg_memset_list.4899
 576 01fc 00000240 		.word	1073872896
 577 0200 00010240 		.word	1073873152
 578 0204 00500F40 		.word	1074745344
 579 0208 10500F40 		.word	1074745360
 580 020c 20500F40 		.word	1074745376
 581 0210 30500F40 		.word	1074745392
 582 0214 00700F40 		.word	1074753536
 583 0218 00000440 		.word	1074003968
 584 021c 08000440 		.word	1074003976
 585 0220 0020DB00 		.word	14360576
 586 0224 0C000440 		.word	1074003980
 587 0228 00010440 		.word	1074004224
ARM GAS  C:\Users\black\AppData\Local\Temp\ccfk37Iz.s 			page 18


 588 022c 08010440 		.word	1074004232
 589 0230 18010440 		.word	1074004248
 590 0234 00020440 		.word	1074004480
 591 0238 08020440 		.word	1074004488
 592 023c 00030440 		.word	1074004736
 593 0240 18030440 		.word	1074004760
 594              		.cfi_endproc
 595              	.LFE8:
 596              		.size	cyfitter_cfg, .-cyfitter_cfg
 597              		.section	.rodata
 598              		.align	2
 599              		.type	cfg_memset_list.4899, %object
 600              		.size	cfg_memset_list.4899, 12
 601              	cfg_memset_list.4899:
 602 0000 00300F40 		.word	1074737152
 603 0004 0004     		.short	1024
 604 0006 00400F40 		.4byte	1074741248
 605 000a 0004     		.short	1024
 606              		.text
 607              	.Letext0:
 608              		.file 2 "c:\\program files (x86)\\cypress\\psoc creator\\4.1\\psoc creator\\import\\gnu\\arm\\5.4.
 609              		.file 3 "Generated_Source\\PSoC4\\cytypes.h"
 610              		.section	.debug_info,"",%progbits
 611              	.Ldebug_info0:
 612 0000 8A020000 		.4byte	0x28a
 613 0004 0400     		.2byte	0x4
 614 0006 00000000 		.4byte	.Ldebug_abbrev0
 615 000a 04       		.byte	0x4
 616 000b 01       		.uleb128 0x1
 617 000c 93000000 		.4byte	.LASF32
 618 0010 0C       		.byte	0xc
 619 0011 52020000 		.4byte	.LASF33
 620 0015 74010000 		.4byte	.LASF34
 621 0019 00000000 		.4byte	.Ldebug_ranges0+0
 622 001d 00000000 		.4byte	0
 623 0021 00000000 		.4byte	.Ldebug_line0
 624 0025 02       		.uleb128 0x2
 625 0026 04       		.byte	0x4
 626 0027 05       		.byte	0x5
 627 0028 696E7400 		.ascii	"int\000"
 628 002c 03       		.uleb128 0x3
 629 002d 16000000 		.4byte	.LASF12
 630 0031 02       		.byte	0x2
 631 0032 D8       		.byte	0xd8
 632 0033 37000000 		.4byte	0x37
 633 0037 04       		.uleb128 0x4
 634 0038 04       		.byte	0x4
 635 0039 07       		.byte	0x7
 636 003a 67010000 		.4byte	.LASF0
 637 003e 04       		.uleb128 0x4
 638 003f 08       		.byte	0x8
 639 0040 05       		.byte	0x5
 640 0041 0C020000 		.4byte	.LASF1
 641 0045 04       		.uleb128 0x4
 642 0046 08       		.byte	0x8
 643 0047 04       		.byte	0x4
 644 0048 3A020000 		.4byte	.LASF2
ARM GAS  C:\Users\black\AppData\Local\Temp\ccfk37Iz.s 			page 19


 645 004c 04       		.uleb128 0x4
 646 004d 01       		.byte	0x1
 647 004e 06       		.byte	0x6
 648 004f 46020000 		.4byte	.LASF3
 649 0053 04       		.uleb128 0x4
 650 0054 01       		.byte	0x1
 651 0055 08       		.byte	0x8
 652 0056 37010000 		.4byte	.LASF4
 653 005a 04       		.uleb128 0x4
 654 005b 02       		.byte	0x2
 655 005c 05       		.byte	0x5
 656 005d 1F020000 		.4byte	.LASF5
 657 0061 04       		.uleb128 0x4
 658 0062 02       		.byte	0x2
 659 0063 07       		.byte	0x7
 660 0064 49000000 		.4byte	.LASF6
 661 0068 04       		.uleb128 0x4
 662 0069 04       		.byte	0x4
 663 006a 05       		.byte	0x5
 664 006b 31020000 		.4byte	.LASF7
 665 006f 04       		.uleb128 0x4
 666 0070 04       		.byte	0x4
 667 0071 07       		.byte	0x7
 668 0072 71000000 		.4byte	.LASF8
 669 0076 04       		.uleb128 0x4
 670 0077 08       		.byte	0x8
 671 0078 07       		.byte	0x7
 672 0079 DF010000 		.4byte	.LASF9
 673 007d 04       		.uleb128 0x4
 674 007e 04       		.byte	0x4
 675 007f 07       		.byte	0x7
 676 0080 03020000 		.4byte	.LASF10
 677 0084 05       		.uleb128 0x5
 678 0085 04       		.byte	0x4
 679 0086 04       		.uleb128 0x4
 680 0087 01       		.byte	0x1
 681 0088 08       		.byte	0x8
 682 0089 1A020000 		.4byte	.LASF11
 683 008d 06       		.uleb128 0x6
 684 008e 83000000 		.4byte	.LASF13
 685 0092 03       		.byte	0x3
 686 0093 D201     		.2byte	0x1d2
 687 0095 53000000 		.4byte	0x53
 688 0099 06       		.uleb128 0x6
 689 009a 59010000 		.4byte	.LASF14
 690 009e 03       		.byte	0x3
 691 009f D301     		.2byte	0x1d3
 692 00a1 61000000 		.4byte	0x61
 693 00a5 06       		.uleb128 0x6
 694 00a6 60010000 		.4byte	.LASF15
 695 00aa 03       		.byte	0x3
 696 00ab D401     		.2byte	0x1d4
 697 00ad 6F000000 		.4byte	0x6f
 698 00b1 04       		.uleb128 0x4
 699 00b2 04       		.byte	0x4
 700 00b3 04       		.byte	0x4
 701 00b4 5C000000 		.4byte	.LASF16
ARM GAS  C:\Users\black\AppData\Local\Temp\ccfk37Iz.s 			page 20


 702 00b8 04       		.uleb128 0x4
 703 00b9 08       		.byte	0x8
 704 00ba 04       		.byte	0x4
 705 00bb 45010000 		.4byte	.LASF17
 706 00bf 06       		.uleb128 0x6
 707 00c0 6C000000 		.4byte	.LASF18
 708 00c4 03       		.byte	0x3
 709 00c5 7C02     		.2byte	0x27c
 710 00c7 CB000000 		.4byte	0xcb
 711 00cb 07       		.uleb128 0x7
 712 00cc 8D000000 		.4byte	0x8d
 713 00d0 06       		.uleb128 0x6
 714 00d1 10000000 		.4byte	.LASF19
 715 00d5 03       		.byte	0x3
 716 00d6 7E02     		.2byte	0x27e
 717 00d8 DC000000 		.4byte	0xdc
 718 00dc 07       		.uleb128 0x7
 719 00dd A5000000 		.4byte	0xa5
 720 00e1 08       		.uleb128 0x8
 721 00e2 89000000 		.4byte	.LASF20
 722 00e6 01       		.byte	0x1
 723 00e7 4B       		.byte	0x4b
 724 00e8 00000000 		.4byte	.LFB2
 725 00ec 1E000000 		.4byte	.LFE2-.LFB2
 726 00f0 01       		.uleb128 0x1
 727 00f1 9C       		.byte	0x9c
 728 00f2 0F010000 		.4byte	0x10f
 729 00f6 09       		.uleb128 0x9
 730 00f7 7300     		.ascii	"s\000"
 731 00f9 01       		.byte	0x1
 732 00fa 4B       		.byte	0x4b
 733 00fb 84000000 		.4byte	0x84
 734 00ff 02       		.uleb128 0x2
 735 0100 91       		.byte	0x91
 736 0101 74       		.sleb128 -12
 737 0102 09       		.uleb128 0x9
 738 0103 6E00     		.ascii	"n\000"
 739 0105 01       		.byte	0x1
 740 0106 4B       		.byte	0x4b
 741 0107 2C000000 		.4byte	0x2c
 742 010b 02       		.uleb128 0x2
 743 010c 91       		.byte	0x91
 744 010d 70       		.sleb128 -16
 745 010e 00       		.byte	0
 746 010f 08       		.uleb128 0x8
 747 0110 81020000 		.4byte	.LASF21
 748 0114 01       		.byte	0x1
 749 0115 52       		.byte	0x52
 750 0116 00000000 		.4byte	.LFB3
 751 011a 20000000 		.4byte	.LFE3-.LFB3
 752 011e 01       		.uleb128 0x1
 753 011f 9C       		.byte	0x9c
 754 0120 4D010000 		.4byte	0x14d
 755 0124 0A       		.uleb128 0xa
 756 0125 62000000 		.4byte	.LASF22
 757 0129 01       		.byte	0x1
 758 012a 52       		.byte	0x52
ARM GAS  C:\Users\black\AppData\Local\Temp\ccfk37Iz.s 			page 21


 759 012b 84000000 		.4byte	0x84
 760 012f 02       		.uleb128 0x2
 761 0130 91       		.byte	0x91
 762 0131 74       		.sleb128 -12
 763 0132 09       		.uleb128 0x9
 764 0133 73726300 		.ascii	"src\000"
 765 0137 01       		.byte	0x1
 766 0138 52       		.byte	0x52
 767 0139 4D010000 		.4byte	0x14d
 768 013d 02       		.uleb128 0x2
 769 013e 91       		.byte	0x91
 770 013f 70       		.sleb128 -16
 771 0140 09       		.uleb128 0x9
 772 0141 6E00     		.ascii	"n\000"
 773 0143 01       		.byte	0x1
 774 0144 52       		.byte	0x52
 775 0145 2C000000 		.4byte	0x2c
 776 0149 02       		.uleb128 0x2
 777 014a 91       		.byte	0x91
 778 014b 6C       		.sleb128 -20
 779 014c 00       		.byte	0
 780 014d 0B       		.uleb128 0xb
 781 014e 04       		.byte	0x4
 782 014f 53010000 		.4byte	0x153
 783 0153 0C       		.uleb128 0xc
 784 0154 08       		.uleb128 0x8
 785 0155 00000000 		.4byte	.LASF23
 786 0159 01       		.byte	0x1
 787 015a 59       		.byte	0x59
 788 015b 00000000 		.4byte	.LFB4
 789 015f 20000000 		.4byte	.LFE4-.LFB4
 790 0163 01       		.uleb128 0x1
 791 0164 9C       		.byte	0x9c
 792 0165 92010000 		.4byte	0x192
 793 0169 0A       		.uleb128 0xa
 794 016a 62000000 		.4byte	.LASF22
 795 016e 01       		.byte	0x1
 796 016f 59       		.byte	0x59
 797 0170 84000000 		.4byte	0x84
 798 0174 02       		.uleb128 0x2
 799 0175 91       		.byte	0x91
 800 0176 74       		.sleb128 -12
 801 0177 09       		.uleb128 0x9
 802 0178 73726300 		.ascii	"src\000"
 803 017c 01       		.byte	0x1
 804 017d 59       		.byte	0x59
 805 017e 4D010000 		.4byte	0x14d
 806 0182 02       		.uleb128 0x2
 807 0183 91       		.byte	0x91
 808 0184 70       		.sleb128 -16
 809 0185 09       		.uleb128 0x9
 810 0186 6E00     		.ascii	"n\000"
 811 0188 01       		.byte	0x1
 812 0189 59       		.byte	0x59
 813 018a 2C000000 		.4byte	0x2c
 814 018e 02       		.uleb128 0x2
 815 018f 91       		.byte	0x91
ARM GAS  C:\Users\black\AppData\Local\Temp\ccfk37Iz.s 			page 22


 816 0190 6C       		.sleb128 -20
 817 0191 00       		.byte	0
 818 0192 0D       		.uleb128 0xd
 819 0193 3E000000 		.4byte	.LASF24
 820 0197 01       		.byte	0x1
 821 0198 AC       		.byte	0xac
 822 0199 00000000 		.4byte	.LFB5
 823 019d FC000000 		.4byte	.LFE5-.LFB5
 824 01a1 01       		.uleb128 0x1
 825 01a2 9C       		.byte	0x9c
 826 01a3 0D       		.uleb128 0xd
 827 01a4 1D000000 		.4byte	.LASF25
 828 01a8 01       		.byte	0x1
 829 01a9 F4       		.byte	0xf4
 830 01aa 00000000 		.4byte	.LFB6
 831 01ae 44000000 		.4byte	.LFE6-.LFB6
 832 01b2 01       		.uleb128 0x1
 833 01b3 9C       		.byte	0x9c
 834 01b4 0E       		.uleb128 0xe
 835 01b5 21010000 		.4byte	.LASF35
 836 01b9 01       		.byte	0x1
 837 01ba 0F01     		.2byte	0x10f
 838 01bc 00000000 		.4byte	.LFB7
 839 01c0 40000000 		.4byte	.LFE7-.LFB7
 840 01c4 01       		.uleb128 0x1
 841 01c5 9C       		.byte	0x9c
 842 01c6 E9010000 		.4byte	0x1e9
 843 01ca 0F       		.uleb128 0xf
 844 01cb 29020000 		.4byte	.LASF26
 845 01cf 01       		.byte	0x1
 846 01d0 0F01     		.2byte	0x10f
 847 01d2 8D000000 		.4byte	0x8d
 848 01d6 02       		.uleb128 0x2
 849 01d7 91       		.byte	0x91
 850 01d8 6F       		.sleb128 -17
 851 01d9 10       		.uleb128 0x10
 852 01da 78020000 		.4byte	.LASF30
 853 01de 01       		.byte	0x1
 854 01df 1101     		.2byte	0x111
 855 01e1 A5000000 		.4byte	0xa5
 856 01e5 02       		.uleb128 0x2
 857 01e6 91       		.byte	0x91
 858 01e7 74       		.sleb128 -12
 859 01e8 00       		.byte	0
 860 01e9 11       		.uleb128 0x11
 861 01ea 4C010000 		.4byte	.LASF36
 862 01ee 01       		.byte	0x1
 863 01ef 3101     		.2byte	0x131
 864 01f1 FC000000 		.4byte	.LFB8
 865 01f5 48010000 		.4byte	.LFE8-.LFB8
 866 01f9 01       		.uleb128 0x1
 867 01fa 9C       		.byte	0x9c
 868 01fb 12       		.uleb128 0x12
 869 01fc 0A010000 		.4byte	.LBB2
 870 0200 96000000 		.4byte	.LBE2-.LBB2
 871 0204 13       		.uleb128 0x13
 872 0205 06       		.byte	0x6
ARM GAS  C:\Users\black\AppData\Local\Temp\ccfk37Iz.s 			page 23


 873 0206 01       		.byte	0x1
 874 0207 3A01     		.2byte	0x13a
 875 0209 28020000 		.4byte	0x228
 876 020d 14       		.uleb128 0x14
 877 020e D7010000 		.4byte	.LASF27
 878 0212 01       		.byte	0x1
 879 0213 3B01     		.2byte	0x13b
 880 0215 84000000 		.4byte	0x84
 881 0219 00       		.byte	0
 882 021a 14       		.uleb128 0x14
 883 021b 67000000 		.4byte	.LASF28
 884 021f 01       		.byte	0x1
 885 0220 3C01     		.2byte	0x13c
 886 0222 99000000 		.4byte	0x99
 887 0226 04       		.byte	0x4
 888 0227 00       		.byte	0
 889 0228 06       		.uleb128 0x6
 890 0229 F6010000 		.4byte	.LASF29
 891 022d 01       		.byte	0x1
 892 022e 3D01     		.2byte	0x13d
 893 0230 04020000 		.4byte	0x204
 894 0234 15       		.uleb128 0x15
 895 0235 44020000 		.4byte	0x244
 896 0239 44020000 		.4byte	0x244
 897 023d 16       		.uleb128 0x16
 898 023e 7D000000 		.4byte	0x7d
 899 0242 01       		.byte	0x1
 900 0243 00       		.byte	0
 901 0244 17       		.uleb128 0x17
 902 0245 28020000 		.4byte	0x228
 903 0249 10       		.uleb128 0x10
 904 024a 2E000000 		.4byte	.LASF31
 905 024e 01       		.byte	0x1
 906 024f 3F01     		.2byte	0x13f
 907 0251 5B020000 		.4byte	0x25b
 908 0255 05       		.uleb128 0x5
 909 0256 03       		.byte	0x3
 910 0257 00000000 		.4byte	cfg_memset_list.4899
 911 025b 17       		.uleb128 0x17
 912 025c 34020000 		.4byte	0x234
 913 0260 18       		.uleb128 0x18
 914 0261 6900     		.ascii	"i\000"
 915 0263 01       		.byte	0x1
 916 0264 4501     		.2byte	0x145
 917 0266 8D000000 		.4byte	0x8d
 918 026a 02       		.uleb128 0x2
 919 026b 91       		.byte	0x91
 920 026c 77       		.sleb128 -9
 921 026d 12       		.uleb128 0x12
 922 026e 12010000 		.4byte	.LBB3
 923 0272 3C000000 		.4byte	.LBE3-.LBB3
 924 0276 18       		.uleb128 0x18
 925 0277 6D7300   		.ascii	"ms\000"
 926 027a 01       		.byte	0x1
 927 027b 4A01     		.2byte	0x14a
 928 027d 84020000 		.4byte	0x284
 929 0281 02       		.uleb128 0x2
ARM GAS  C:\Users\black\AppData\Local\Temp\ccfk37Iz.s 			page 24


 930 0282 91       		.byte	0x91
 931 0283 70       		.sleb128 -16
 932 0284 0B       		.uleb128 0xb
 933 0285 04       		.byte	0x4
 934 0286 44020000 		.4byte	0x244
 935 028a 00       		.byte	0
 936 028b 00       		.byte	0
 937 028c 00       		.byte	0
 938 028d 00       		.byte	0
 939              		.section	.debug_abbrev,"",%progbits
 940              	.Ldebug_abbrev0:
 941 0000 01       		.uleb128 0x1
 942 0001 11       		.uleb128 0x11
 943 0002 01       		.byte	0x1
 944 0003 25       		.uleb128 0x25
 945 0004 0E       		.uleb128 0xe
 946 0005 13       		.uleb128 0x13
 947 0006 0B       		.uleb128 0xb
 948 0007 03       		.uleb128 0x3
 949 0008 0E       		.uleb128 0xe
 950 0009 1B       		.uleb128 0x1b
 951 000a 0E       		.uleb128 0xe
 952 000b 55       		.uleb128 0x55
 953 000c 17       		.uleb128 0x17
 954 000d 11       		.uleb128 0x11
 955 000e 01       		.uleb128 0x1
 956 000f 10       		.uleb128 0x10
 957 0010 17       		.uleb128 0x17
 958 0011 00       		.byte	0
 959 0012 00       		.byte	0
 960 0013 02       		.uleb128 0x2
 961 0014 24       		.uleb128 0x24
 962 0015 00       		.byte	0
 963 0016 0B       		.uleb128 0xb
 964 0017 0B       		.uleb128 0xb
 965 0018 3E       		.uleb128 0x3e
 966 0019 0B       		.uleb128 0xb
 967 001a 03       		.uleb128 0x3
 968 001b 08       		.uleb128 0x8
 969 001c 00       		.byte	0
 970 001d 00       		.byte	0
 971 001e 03       		.uleb128 0x3
 972 001f 16       		.uleb128 0x16
 973 0020 00       		.byte	0
 974 0021 03       		.uleb128 0x3
 975 0022 0E       		.uleb128 0xe
 976 0023 3A       		.uleb128 0x3a
 977 0024 0B       		.uleb128 0xb
 978 0025 3B       		.uleb128 0x3b
 979 0026 0B       		.uleb128 0xb
 980 0027 49       		.uleb128 0x49
 981 0028 13       		.uleb128 0x13
 982 0029 00       		.byte	0
 983 002a 00       		.byte	0
 984 002b 04       		.uleb128 0x4
 985 002c 24       		.uleb128 0x24
 986 002d 00       		.byte	0
ARM GAS  C:\Users\black\AppData\Local\Temp\ccfk37Iz.s 			page 25


 987 002e 0B       		.uleb128 0xb
 988 002f 0B       		.uleb128 0xb
 989 0030 3E       		.uleb128 0x3e
 990 0031 0B       		.uleb128 0xb
 991 0032 03       		.uleb128 0x3
 992 0033 0E       		.uleb128 0xe
 993 0034 00       		.byte	0
 994 0035 00       		.byte	0
 995 0036 05       		.uleb128 0x5
 996 0037 0F       		.uleb128 0xf
 997 0038 00       		.byte	0
 998 0039 0B       		.uleb128 0xb
 999 003a 0B       		.uleb128 0xb
 1000 003b 00       		.byte	0
 1001 003c 00       		.byte	0
 1002 003d 06       		.uleb128 0x6
 1003 003e 16       		.uleb128 0x16
 1004 003f 00       		.byte	0
 1005 0040 03       		.uleb128 0x3
 1006 0041 0E       		.uleb128 0xe
 1007 0042 3A       		.uleb128 0x3a
 1008 0043 0B       		.uleb128 0xb
 1009 0044 3B       		.uleb128 0x3b
 1010 0045 05       		.uleb128 0x5
 1011 0046 49       		.uleb128 0x49
 1012 0047 13       		.uleb128 0x13
 1013 0048 00       		.byte	0
 1014 0049 00       		.byte	0
 1015 004a 07       		.uleb128 0x7
 1016 004b 35       		.uleb128 0x35
 1017 004c 00       		.byte	0
 1018 004d 49       		.uleb128 0x49
 1019 004e 13       		.uleb128 0x13
 1020 004f 00       		.byte	0
 1021 0050 00       		.byte	0
 1022 0051 08       		.uleb128 0x8
 1023 0052 2E       		.uleb128 0x2e
 1024 0053 01       		.byte	0x1
 1025 0054 03       		.uleb128 0x3
 1026 0055 0E       		.uleb128 0xe
 1027 0056 3A       		.uleb128 0x3a
 1028 0057 0B       		.uleb128 0xb
 1029 0058 3B       		.uleb128 0x3b
 1030 0059 0B       		.uleb128 0xb
 1031 005a 27       		.uleb128 0x27
 1032 005b 19       		.uleb128 0x19
 1033 005c 11       		.uleb128 0x11
 1034 005d 01       		.uleb128 0x1
 1035 005e 12       		.uleb128 0x12
 1036 005f 06       		.uleb128 0x6
 1037 0060 40       		.uleb128 0x40
 1038 0061 18       		.uleb128 0x18
 1039 0062 9642     		.uleb128 0x2116
 1040 0064 19       		.uleb128 0x19
 1041 0065 01       		.uleb128 0x1
 1042 0066 13       		.uleb128 0x13
 1043 0067 00       		.byte	0
ARM GAS  C:\Users\black\AppData\Local\Temp\ccfk37Iz.s 			page 26


 1044 0068 00       		.byte	0
 1045 0069 09       		.uleb128 0x9
 1046 006a 05       		.uleb128 0x5
 1047 006b 00       		.byte	0
 1048 006c 03       		.uleb128 0x3
 1049 006d 08       		.uleb128 0x8
 1050 006e 3A       		.uleb128 0x3a
 1051 006f 0B       		.uleb128 0xb
 1052 0070 3B       		.uleb128 0x3b
 1053 0071 0B       		.uleb128 0xb
 1054 0072 49       		.uleb128 0x49
 1055 0073 13       		.uleb128 0x13
 1056 0074 02       		.uleb128 0x2
 1057 0075 18       		.uleb128 0x18
 1058 0076 00       		.byte	0
 1059 0077 00       		.byte	0
 1060 0078 0A       		.uleb128 0xa
 1061 0079 05       		.uleb128 0x5
 1062 007a 00       		.byte	0
 1063 007b 03       		.uleb128 0x3
 1064 007c 0E       		.uleb128 0xe
 1065 007d 3A       		.uleb128 0x3a
 1066 007e 0B       		.uleb128 0xb
 1067 007f 3B       		.uleb128 0x3b
 1068 0080 0B       		.uleb128 0xb
 1069 0081 49       		.uleb128 0x49
 1070 0082 13       		.uleb128 0x13
 1071 0083 02       		.uleb128 0x2
 1072 0084 18       		.uleb128 0x18
 1073 0085 00       		.byte	0
 1074 0086 00       		.byte	0
 1075 0087 0B       		.uleb128 0xb
 1076 0088 0F       		.uleb128 0xf
 1077 0089 00       		.byte	0
 1078 008a 0B       		.uleb128 0xb
 1079 008b 0B       		.uleb128 0xb
 1080 008c 49       		.uleb128 0x49
 1081 008d 13       		.uleb128 0x13
 1082 008e 00       		.byte	0
 1083 008f 00       		.byte	0
 1084 0090 0C       		.uleb128 0xc
 1085 0091 26       		.uleb128 0x26
 1086 0092 00       		.byte	0
 1087 0093 00       		.byte	0
 1088 0094 00       		.byte	0
 1089 0095 0D       		.uleb128 0xd
 1090 0096 2E       		.uleb128 0x2e
 1091 0097 00       		.byte	0
 1092 0098 03       		.uleb128 0x3
 1093 0099 0E       		.uleb128 0xe
 1094 009a 3A       		.uleb128 0x3a
 1095 009b 0B       		.uleb128 0xb
 1096 009c 3B       		.uleb128 0x3b
 1097 009d 0B       		.uleb128 0xb
 1098 009e 27       		.uleb128 0x27
 1099 009f 19       		.uleb128 0x19
 1100 00a0 11       		.uleb128 0x11
ARM GAS  C:\Users\black\AppData\Local\Temp\ccfk37Iz.s 			page 27


 1101 00a1 01       		.uleb128 0x1
 1102 00a2 12       		.uleb128 0x12
 1103 00a3 06       		.uleb128 0x6
 1104 00a4 40       		.uleb128 0x40
 1105 00a5 18       		.uleb128 0x18
 1106 00a6 9642     		.uleb128 0x2116
 1107 00a8 19       		.uleb128 0x19
 1108 00a9 00       		.byte	0
 1109 00aa 00       		.byte	0
 1110 00ab 0E       		.uleb128 0xe
 1111 00ac 2E       		.uleb128 0x2e
 1112 00ad 01       		.byte	0x1
 1113 00ae 3F       		.uleb128 0x3f
 1114 00af 19       		.uleb128 0x19
 1115 00b0 03       		.uleb128 0x3
 1116 00b1 0E       		.uleb128 0xe
 1117 00b2 3A       		.uleb128 0x3a
 1118 00b3 0B       		.uleb128 0xb
 1119 00b4 3B       		.uleb128 0x3b
 1120 00b5 05       		.uleb128 0x5
 1121 00b6 27       		.uleb128 0x27
 1122 00b7 19       		.uleb128 0x19
 1123 00b8 11       		.uleb128 0x11
 1124 00b9 01       		.uleb128 0x1
 1125 00ba 12       		.uleb128 0x12
 1126 00bb 06       		.uleb128 0x6
 1127 00bc 40       		.uleb128 0x40
 1128 00bd 18       		.uleb128 0x18
 1129 00be 9742     		.uleb128 0x2117
 1130 00c0 19       		.uleb128 0x19
 1131 00c1 01       		.uleb128 0x1
 1132 00c2 13       		.uleb128 0x13
 1133 00c3 00       		.byte	0
 1134 00c4 00       		.byte	0
 1135 00c5 0F       		.uleb128 0xf
 1136 00c6 05       		.uleb128 0x5
 1137 00c7 00       		.byte	0
 1138 00c8 03       		.uleb128 0x3
 1139 00c9 0E       		.uleb128 0xe
 1140 00ca 3A       		.uleb128 0x3a
 1141 00cb 0B       		.uleb128 0xb
 1142 00cc 3B       		.uleb128 0x3b
 1143 00cd 05       		.uleb128 0x5
 1144 00ce 49       		.uleb128 0x49
 1145 00cf 13       		.uleb128 0x13
 1146 00d0 02       		.uleb128 0x2
 1147 00d1 18       		.uleb128 0x18
 1148 00d2 00       		.byte	0
 1149 00d3 00       		.byte	0
 1150 00d4 10       		.uleb128 0x10
 1151 00d5 34       		.uleb128 0x34
 1152 00d6 00       		.byte	0
 1153 00d7 03       		.uleb128 0x3
 1154 00d8 0E       		.uleb128 0xe
 1155 00d9 3A       		.uleb128 0x3a
 1156 00da 0B       		.uleb128 0xb
 1157 00db 3B       		.uleb128 0x3b
ARM GAS  C:\Users\black\AppData\Local\Temp\ccfk37Iz.s 			page 28


 1158 00dc 05       		.uleb128 0x5
 1159 00dd 49       		.uleb128 0x49
 1160 00de 13       		.uleb128 0x13
 1161 00df 02       		.uleb128 0x2
 1162 00e0 18       		.uleb128 0x18
 1163 00e1 00       		.byte	0
 1164 00e2 00       		.byte	0
 1165 00e3 11       		.uleb128 0x11
 1166 00e4 2E       		.uleb128 0x2e
 1167 00e5 01       		.byte	0x1
 1168 00e6 3F       		.uleb128 0x3f
 1169 00e7 19       		.uleb128 0x19
 1170 00e8 03       		.uleb128 0x3
 1171 00e9 0E       		.uleb128 0xe
 1172 00ea 3A       		.uleb128 0x3a
 1173 00eb 0B       		.uleb128 0xb
 1174 00ec 3B       		.uleb128 0x3b
 1175 00ed 05       		.uleb128 0x5
 1176 00ee 27       		.uleb128 0x27
 1177 00ef 19       		.uleb128 0x19
 1178 00f0 11       		.uleb128 0x11
 1179 00f1 01       		.uleb128 0x1
 1180 00f2 12       		.uleb128 0x12
 1181 00f3 06       		.uleb128 0x6
 1182 00f4 40       		.uleb128 0x40
 1183 00f5 18       		.uleb128 0x18
 1184 00f6 9642     		.uleb128 0x2116
 1185 00f8 19       		.uleb128 0x19
 1186 00f9 00       		.byte	0
 1187 00fa 00       		.byte	0
 1188 00fb 12       		.uleb128 0x12
 1189 00fc 0B       		.uleb128 0xb
 1190 00fd 01       		.byte	0x1
 1191 00fe 11       		.uleb128 0x11
 1192 00ff 01       		.uleb128 0x1
 1193 0100 12       		.uleb128 0x12
 1194 0101 06       		.uleb128 0x6
 1195 0102 00       		.byte	0
 1196 0103 00       		.byte	0
 1197 0104 13       		.uleb128 0x13
 1198 0105 13       		.uleb128 0x13
 1199 0106 01       		.byte	0x1
 1200 0107 0B       		.uleb128 0xb
 1201 0108 0B       		.uleb128 0xb
 1202 0109 3A       		.uleb128 0x3a
 1203 010a 0B       		.uleb128 0xb
 1204 010b 3B       		.uleb128 0x3b
 1205 010c 05       		.uleb128 0x5
 1206 010d 01       		.uleb128 0x1
 1207 010e 13       		.uleb128 0x13
 1208 010f 00       		.byte	0
 1209 0110 00       		.byte	0
 1210 0111 14       		.uleb128 0x14
 1211 0112 0D       		.uleb128 0xd
 1212 0113 00       		.byte	0
 1213 0114 03       		.uleb128 0x3
 1214 0115 0E       		.uleb128 0xe
ARM GAS  C:\Users\black\AppData\Local\Temp\ccfk37Iz.s 			page 29


 1215 0116 3A       		.uleb128 0x3a
 1216 0117 0B       		.uleb128 0xb
 1217 0118 3B       		.uleb128 0x3b
 1218 0119 05       		.uleb128 0x5
 1219 011a 49       		.uleb128 0x49
 1220 011b 13       		.uleb128 0x13
 1221 011c 38       		.uleb128 0x38
 1222 011d 0B       		.uleb128 0xb
 1223 011e 00       		.byte	0
 1224 011f 00       		.byte	0
 1225 0120 15       		.uleb128 0x15
 1226 0121 01       		.uleb128 0x1
 1227 0122 01       		.byte	0x1
 1228 0123 49       		.uleb128 0x49
 1229 0124 13       		.uleb128 0x13
 1230 0125 01       		.uleb128 0x1
 1231 0126 13       		.uleb128 0x13
 1232 0127 00       		.byte	0
 1233 0128 00       		.byte	0
 1234 0129 16       		.uleb128 0x16
 1235 012a 21       		.uleb128 0x21
 1236 012b 00       		.byte	0
 1237 012c 49       		.uleb128 0x49
 1238 012d 13       		.uleb128 0x13
 1239 012e 2F       		.uleb128 0x2f
 1240 012f 0B       		.uleb128 0xb
 1241 0130 00       		.byte	0
 1242 0131 00       		.byte	0
 1243 0132 17       		.uleb128 0x17
 1244 0133 26       		.uleb128 0x26
 1245 0134 00       		.byte	0
 1246 0135 49       		.uleb128 0x49
 1247 0136 13       		.uleb128 0x13
 1248 0137 00       		.byte	0
 1249 0138 00       		.byte	0
 1250 0139 18       		.uleb128 0x18
 1251 013a 34       		.uleb128 0x34
 1252 013b 00       		.byte	0
 1253 013c 03       		.uleb128 0x3
 1254 013d 08       		.uleb128 0x8
 1255 013e 3A       		.uleb128 0x3a
 1256 013f 0B       		.uleb128 0xb
 1257 0140 3B       		.uleb128 0x3b
 1258 0141 05       		.uleb128 0x5
 1259 0142 49       		.uleb128 0x49
 1260 0143 13       		.uleb128 0x13
 1261 0144 02       		.uleb128 0x2
 1262 0145 18       		.uleb128 0x18
 1263 0146 00       		.byte	0
 1264 0147 00       		.byte	0
 1265 0148 00       		.byte	0
 1266              		.section	.debug_aranges,"",%progbits
 1267 0000 4C000000 		.4byte	0x4c
 1268 0004 0200     		.2byte	0x2
 1269 0006 00000000 		.4byte	.Ldebug_info0
 1270 000a 04       		.byte	0x4
 1271 000b 00       		.byte	0
ARM GAS  C:\Users\black\AppData\Local\Temp\ccfk37Iz.s 			page 30


 1272 000c 0000     		.2byte	0
 1273 000e 0000     		.2byte	0
 1274 0010 00000000 		.4byte	.LFB2
 1275 0014 1E000000 		.4byte	.LFE2-.LFB2
 1276 0018 00000000 		.4byte	.LFB3
 1277 001c 20000000 		.4byte	.LFE3-.LFB3
 1278 0020 00000000 		.4byte	.LFB4
 1279 0024 20000000 		.4byte	.LFE4-.LFB4
 1280 0028 00000000 		.4byte	.LFB5
 1281 002c FC000000 		.4byte	.LFE5-.LFB5
 1282 0030 00000000 		.4byte	.LFB6
 1283 0034 44000000 		.4byte	.LFE6-.LFB6
 1284 0038 00000000 		.4byte	.LFB7
 1285 003c 40000000 		.4byte	.LFE7-.LFB7
 1286 0040 FC000000 		.4byte	.LFB8
 1287 0044 48010000 		.4byte	.LFE8-.LFB8
 1288 0048 00000000 		.4byte	0
 1289 004c 00000000 		.4byte	0
 1290              		.section	.debug_ranges,"",%progbits
 1291              	.Ldebug_ranges0:
 1292 0000 00000000 		.4byte	.LFB2
 1293 0004 1E000000 		.4byte	.LFE2
 1294 0008 00000000 		.4byte	.LFB3
 1295 000c 20000000 		.4byte	.LFE3
 1296 0010 00000000 		.4byte	.LFB4
 1297 0014 20000000 		.4byte	.LFE4
 1298 0018 00000000 		.4byte	.LFB5
 1299 001c FC000000 		.4byte	.LFE5
 1300 0020 00000000 		.4byte	.LFB6
 1301 0024 44000000 		.4byte	.LFE6
 1302 0028 00000000 		.4byte	.LFB7
 1303 002c 40000000 		.4byte	.LFE7
 1304 0030 FC000000 		.4byte	.LFB8
 1305 0034 44020000 		.4byte	.LFE8
 1306 0038 00000000 		.4byte	0
 1307 003c 00000000 		.4byte	0
 1308              		.section	.debug_line,"",%progbits
 1309              	.Ldebug_line0:
 1310 0000 91010000 		.section	.debug_str,"MS",%progbits,1
 1310      0200CB00 
 1310      00000201 
 1310      FB0E0D00 
 1310      01010101 
 1311              	.LASF23:
 1312 0000 4359434F 		.ascii	"CYCONFIGCPYCODE\000"
 1312      4E464947 
 1312      43505943 
 1312      4F444500 
 1313              	.LASF19:
 1314 0010 72656733 		.ascii	"reg32\000"
 1314      3200
 1315              	.LASF12:
 1316 0016 73697A65 		.ascii	"size_t\000"
 1316      5F7400
 1317              	.LASF25:
 1318 001d 416E616C 		.ascii	"AnalogSetDefault\000"
 1318      6F675365 
ARM GAS  C:\Users\black\AppData\Local\Temp\ccfk37Iz.s 			page 31


 1318      74446566 
 1318      61756C74 
 1318      00
 1319              	.LASF31:
 1320 002e 6366675F 		.ascii	"cfg_memset_list\000"
 1320      6D656D73 
 1320      65745F6C 
 1320      69737400 
 1321              	.LASF24:
 1322 003e 436C6F63 		.ascii	"ClockSetup\000"
 1322      6B536574 
 1322      757000
 1323              	.LASF6:
 1324 0049 73686F72 		.ascii	"short unsigned int\000"
 1324      7420756E 
 1324      7369676E 
 1324      65642069 
 1324      6E7400
 1325              	.LASF16:
 1326 005c 666C6F61 		.ascii	"float\000"
 1326      7400
 1327              	.LASF22:
 1328 0062 64657374 		.ascii	"dest\000"
 1328      00
 1329              	.LASF28:
 1330 0067 73697A65 		.ascii	"size\000"
 1330      00
 1331              	.LASF18:
 1332 006c 72656738 		.ascii	"reg8\000"
 1332      00
 1333              	.LASF8:
 1334 0071 6C6F6E67 		.ascii	"long unsigned int\000"
 1334      20756E73 
 1334      69676E65 
 1334      6420696E 
 1334      7400
 1335              	.LASF13:
 1336 0083 75696E74 		.ascii	"uint8\000"
 1336      3800
 1337              	.LASF20:
 1338 0089 43594D45 		.ascii	"CYMEMZERO\000"
 1338      4D5A4552 
 1338      4F00
 1339              	.LASF32:
 1340 0093 474E5520 		.ascii	"GNU C11 5.4.1 20160609 (release) [ARM/embedded-5-br"
 1340      43313120 
 1340      352E342E 
 1340      31203230 
 1340      31363036 
 1341 00c6 616E6368 		.ascii	"anch revision 237715] -mcpu=cortex-m0 -mthumb -g -O"
 1341      20726576 
 1341      6973696F 
 1341      6E203233 
 1341      37373135 
 1342 00f9 30202D66 		.ascii	"0 -ffunction-sections -ffat-lto-objects\000"
 1342      66756E63 
 1342      74696F6E 
ARM GAS  C:\Users\black\AppData\Local\Temp\ccfk37Iz.s 			page 32


 1342      2D736563 
 1342      74696F6E 
 1343              	.LASF35:
 1344 0121 53657441 		.ascii	"SetAnalogRoutingPumps\000"
 1344      6E616C6F 
 1344      67526F75 
 1344      74696E67 
 1344      50756D70 
 1345              	.LASF4:
 1346 0137 756E7369 		.ascii	"unsigned char\000"
 1346      676E6564 
 1346      20636861 
 1346      7200
 1347              	.LASF17:
 1348 0145 646F7562 		.ascii	"double\000"
 1348      6C6500
 1349              	.LASF36:
 1350 014c 63796669 		.ascii	"cyfitter_cfg\000"
 1350      74746572 
 1350      5F636667 
 1350      00
 1351              	.LASF14:
 1352 0159 75696E74 		.ascii	"uint16\000"
 1352      313600
 1353              	.LASF15:
 1354 0160 75696E74 		.ascii	"uint32\000"
 1354      333200
 1355              	.LASF0:
 1356 0167 756E7369 		.ascii	"unsigned int\000"
 1356      676E6564 
 1356      20696E74 
 1356      00
 1357              	.LASF34:
 1358 0174 433A5C55 		.ascii	"C:\\Users\\black\\OneDrive\\Documents\\PSoC Creator"
 1358      73657273 
 1358      5C626C61 
 1358      636B5C4F 
 1358      6E654472 
 1359 01a2 5C424C45 		.ascii	"\\BLE_HID_Keyboard212006\\BLE_HID_Keyboard212006.cy"
 1359      5F484944 
 1359      5F4B6579 
 1359      626F6172 
 1359      64323132 
 1360 01d3 64736E00 		.ascii	"dsn\000"
 1361              	.LASF27:
 1362 01d7 61646472 		.ascii	"address\000"
 1362      65737300 
 1363              	.LASF9:
 1364 01df 6C6F6E67 		.ascii	"long long unsigned int\000"
 1364      206C6F6E 
 1364      6720756E 
 1364      7369676E 
 1364      65642069 
 1365              	.LASF29:
 1366 01f6 6366675F 		.ascii	"cfg_memset_t\000"
 1366      6D656D73 
 1366      65745F74 
ARM GAS  C:\Users\black\AppData\Local\Temp\ccfk37Iz.s 			page 33


 1366      00
 1367              	.LASF10:
 1368 0203 73697A65 		.ascii	"sizetype\000"
 1368      74797065 
 1368      00
 1369              	.LASF1:
 1370 020c 6C6F6E67 		.ascii	"long long int\000"
 1370      206C6F6E 
 1370      6720696E 
 1370      7400
 1371              	.LASF11:
 1372 021a 63686172 		.ascii	"char\000"
 1372      00
 1373              	.LASF5:
 1374 021f 73686F72 		.ascii	"short int\000"
 1374      7420696E 
 1374      7400
 1375              	.LASF26:
 1376 0229 656E6162 		.ascii	"enabled\000"
 1376      6C656400 
 1377              	.LASF7:
 1378 0231 6C6F6E67 		.ascii	"long int\000"
 1378      20696E74 
 1378      00
 1379              	.LASF2:
 1380 023a 6C6F6E67 		.ascii	"long double\000"
 1380      20646F75 
 1380      626C6500 
 1381              	.LASF3:
 1382 0246 7369676E 		.ascii	"signed char\000"
 1382      65642063 
 1382      68617200 
 1383              	.LASF33:
 1384 0252 47656E65 		.ascii	"Generated_Source\\PSoC4\\cyfitter_cfg.c\000"
 1384      72617465 
 1384      645F536F 
 1384      75726365 
 1384      5C50536F 
 1385              	.LASF30:
 1386 0278 72656756 		.ascii	"regValue\000"
 1386      616C7565 
 1386      00
 1387              	.LASF21:
 1388 0281 4359434F 		.ascii	"CYCONFIGCPY\000"
 1388      4E464947 
 1388      43505900 
 1389              		.ident	"GCC: (GNU Tools for ARM Embedded Processors) 5.4.1 20160609 (release) [ARM/embedded-5-bran
